Archive member included to satisfy reference by file (symbol)

C:/ST/STM32CubeIDE_1.10.1/STM32CubeIDE/plugins/com.st.stm32cube.ide.mcu.externaltools.gnu-tools-for-stm32.12.3.rel1.win32_1.0.200.202406191623/tools/bin/../lib/gcc/arm-none-eabi/12.3.1/../../../../arm-none-eabi/lib/thumb/v7e-m+fp/hard\libc_nano.a(libc_a-exit.o)
                              C:/ST/STM32CubeIDE_1.10.1/STM32CubeIDE/plugins/com.st.stm32cube.ide.mcu.externaltools.gnu-tools-for-stm32.12.3.rel1.win32_1.0.200.202406191623/tools/bin/../lib/gcc/arm-none-eabi/12.3.1/../../../../arm-none-eabi/lib/thumb/v7e-m+fp/hard/crt0.o (exit)
C:/ST/STM32CubeIDE_1.10.1/STM32CubeIDE/plugins/com.st.stm32cube.ide.mcu.externaltools.gnu-tools-for-stm32.12.3.rel1.win32_1.0.200.202406191623/tools/bin/../lib/gcc/arm-none-eabi/12.3.1/../../../../arm-none-eabi/lib/thumb/v7e-m+fp/hard\libc_nano.a(libc_a-findfp.o)
                              C:/ST/STM32CubeIDE_1.10.1/STM32CubeIDE/plugins/com.st.stm32cube.ide.mcu.externaltools.gnu-tools-for-stm32.12.3.rel1.win32_1.0.200.202406191623/tools/bin/../lib/gcc/arm-none-eabi/12.3.1/../../../../arm-none-eabi/lib/thumb/v7e-m+fp/hard\libc_nano.a(libc_a-exit.o) (__stdio_exit_handler)
C:/ST/STM32CubeIDE_1.10.1/STM32CubeIDE/plugins/com.st.stm32cube.ide.mcu.externaltools.gnu-tools-for-stm32.12.3.rel1.win32_1.0.200.202406191623/tools/bin/../lib/gcc/arm-none-eabi/12.3.1/../../../../arm-none-eabi/lib/thumb/v7e-m+fp/hard\libc_nano.a(libc_a-fwalk.o)
                              C:/ST/STM32CubeIDE_1.10.1/STM32CubeIDE/plugins/com.st.stm32cube.ide.mcu.externaltools.gnu-tools-for-stm32.12.3.rel1.win32_1.0.200.202406191623/tools/bin/../lib/gcc/arm-none-eabi/12.3.1/../../../../arm-none-eabi/lib/thumb/v7e-m+fp/hard\libc_nano.a(libc_a-findfp.o) (_fwalk_sglue)
C:/ST/STM32CubeIDE_1.10.1/STM32CubeIDE/plugins/com.st.stm32cube.ide.mcu.externaltools.gnu-tools-for-stm32.12.3.rel1.win32_1.0.200.202406191623/tools/bin/../lib/gcc/arm-none-eabi/12.3.1/../../../../arm-none-eabi/lib/thumb/v7e-m+fp/hard\libc_nano.a(libc_a-stdio.o)
                              C:/ST/STM32CubeIDE_1.10.1/STM32CubeIDE/plugins/com.st.stm32cube.ide.mcu.externaltools.gnu-tools-for-stm32.12.3.rel1.win32_1.0.200.202406191623/tools/bin/../lib/gcc/arm-none-eabi/12.3.1/../../../../arm-none-eabi/lib/thumb/v7e-m+fp/hard\libc_nano.a(libc_a-findfp.o) (__sread)
C:/ST/STM32CubeIDE_1.10.1/STM32CubeIDE/plugins/com.st.stm32cube.ide.mcu.externaltools.gnu-tools-for-stm32.12.3.rel1.win32_1.0.200.202406191623/tools/bin/../lib/gcc/arm-none-eabi/12.3.1/../../../../arm-none-eabi/lib/thumb/v7e-m+fp/hard\libc_nano.a(libc_a-memset.o)
                              C:/ST/STM32CubeIDE_1.10.1/STM32CubeIDE/plugins/com.st.stm32cube.ide.mcu.externaltools.gnu-tools-for-stm32.12.3.rel1.win32_1.0.200.202406191623/tools/bin/../lib/gcc/arm-none-eabi/12.3.1/../../../../arm-none-eabi/lib/thumb/v7e-m+fp/hard/crt0.o (memset)
C:/ST/STM32CubeIDE_1.10.1/STM32CubeIDE/plugins/com.st.stm32cube.ide.mcu.externaltools.gnu-tools-for-stm32.12.3.rel1.win32_1.0.200.202406191623/tools/bin/../lib/gcc/arm-none-eabi/12.3.1/../../../../arm-none-eabi/lib/thumb/v7e-m+fp/hard\libc_nano.a(libc_a-closer.o)
                              C:/ST/STM32CubeIDE_1.10.1/STM32CubeIDE/plugins/com.st.stm32cube.ide.mcu.externaltools.gnu-tools-for-stm32.12.3.rel1.win32_1.0.200.202406191623/tools/bin/../lib/gcc/arm-none-eabi/12.3.1/../../../../arm-none-eabi/lib/thumb/v7e-m+fp/hard\libc_nano.a(libc_a-stdio.o) (_close_r)
C:/ST/STM32CubeIDE_1.10.1/STM32CubeIDE/plugins/com.st.stm32cube.ide.mcu.externaltools.gnu-tools-for-stm32.12.3.rel1.win32_1.0.200.202406191623/tools/bin/../lib/gcc/arm-none-eabi/12.3.1/../../../../arm-none-eabi/lib/thumb/v7e-m+fp/hard\libc_nano.a(libc_a-reent.o)
                              C:/ST/STM32CubeIDE_1.10.1/STM32CubeIDE/plugins/com.st.stm32cube.ide.mcu.externaltools.gnu-tools-for-stm32.12.3.rel1.win32_1.0.200.202406191623/tools/bin/../lib/gcc/arm-none-eabi/12.3.1/../../../../arm-none-eabi/lib/thumb/v7e-m+fp/hard\libc_nano.a(libc_a-closer.o) (errno)
C:/ST/STM32CubeIDE_1.10.1/STM32CubeIDE/plugins/com.st.stm32cube.ide.mcu.externaltools.gnu-tools-for-stm32.12.3.rel1.win32_1.0.200.202406191623/tools/bin/../lib/gcc/arm-none-eabi/12.3.1/../../../../arm-none-eabi/lib/thumb/v7e-m+fp/hard\libc_nano.a(libc_a-impure.o)
                              C:/ST/STM32CubeIDE_1.10.1/STM32CubeIDE/plugins/com.st.stm32cube.ide.mcu.externaltools.gnu-tools-for-stm32.12.3.rel1.win32_1.0.200.202406191623/tools/bin/../lib/gcc/arm-none-eabi/12.3.1/../../../../arm-none-eabi/lib/thumb/v7e-m+fp/hard\libc_nano.a(libc_a-reent.o) (_impure_ptr)
C:/ST/STM32CubeIDE_1.10.1/STM32CubeIDE/plugins/com.st.stm32cube.ide.mcu.externaltools.gnu-tools-for-stm32.12.3.rel1.win32_1.0.200.202406191623/tools/bin/../lib/gcc/arm-none-eabi/12.3.1/../../../../arm-none-eabi/lib/thumb/v7e-m+fp/hard\libc_nano.a(libc_a-lseekr.o)
[...]
Memory Configuration

Name             Origin             Length             Attributes
RAM              0x20000000         0x00020000         xrw
FLASH            0x08000000         0x00040000         xr
*default*        0x00000000         0xffffffff

Linker script and memory map

LOAD C:/ST/STM32CubeIDE_1.10.1/STM32CubeIDE/plugins/com.st.stm32cube.ide.mcu.externaltools.gnu-tools-for-stm32.12.3.rel1.win32_1.0.200.202406191623/tools/bin/../lib/gcc/arm-none-eabi/12.3.1/thumb/v7e-m+fp/hard/crti.o
LOAD C:/ST/STM32CubeIDE_1.10.1/STM32CubeIDE/plugins/com.st.stm32cube.ide.mcu.externaltools.gnu-tools-for-stm32.12.3.rel1.win32_1.0.200.202406191623/tools/bin/../lib/gcc/arm-none-eabi/12.3.1/thumb/v7e-m+fp/hard/crtbegin.o
LOAD C:/ST/STM32CubeIDE_1.10.1/STM32CubeIDE/plugins/com.st.stm32cube.ide.mcu.externaltools.gnu-tools-for-stm32.12.3.rel1.win32_1.0.200.202406191623/tools/bin/../lib/gcc/arm-none-eabi/12.3.1/../../../../arm-none-eabi/lib/thumb/v7e-m+fp/hard/crt0.o
LOAD ./Core/Src/gpio.o
LOAD ./Core/Src/main.o
LOAD ./Core/Src/stm32f4xx_hal_msp.o
LOAD ./Core/Src/stm32f4xx_it.o
LOAD ./Core/Src/syscalls.o
LOAD ./Core/Src/sysmem.o
LOAD ./Core/Src/system_stm32f4xx.o
LOAD ./Core/Src/usart.o
LOAD ./Core/Startup/startup_stm32f411ccux.o
LOAD ./Core/TMC2209_Driver/TMC2209.o
LOAD ./Drivers/STM32F4xx_HAL_Driver/Src/stm32f4xx_hal.o
LOAD ./Drivers/STM32F4xx_HAL_Driver/Src/stm32f4xx_hal_cortex.o
LOAD ./Drivers/STM32F4xx_HAL_Driver/Src/stm32f4xx_hal_dma.o
LOAD ./Drivers/STM32F4xx_HAL_Driver/Src/stm32f4xx_hal_dma_ex.o
LOAD ./Drivers/STM32F4xx_HAL_Driver/Src/stm32f4xx_hal_exti.o
LOAD ./Drivers/STM32F4xx_HAL_Driver/Src/stm32f4xx_hal_flash.o
LOAD ./Drivers/STM32F4xx_HAL_Driver/Src/stm32f4xx_hal_flash_ex.o
LOAD ./Drivers/STM32F4xx_HAL_Driver/Src/stm32f4xx_hal_flash_ramfunc.o
LOAD ./Drivers/STM32F4xx_HAL_Driver/Src/stm32f4xx_hal_gpio.o
LOAD ./Drivers/STM32F4xx_HAL_Driver/Src/stm32f4xx_hal_pcd.o
LOAD ./Drivers/STM32F4xx_HAL_Driver/Src/stm32f4xx_hal_pcd_ex.o
LOAD ./Drivers/STM32F4xx_HAL_Driver/Src/stm32f4xx_hal_pwr.o
LOAD ./Drivers/STM32F4xx_HAL_Driver/Src/stm32f4xx_hal_pwr_ex.o
LOAD ./Drivers/STM32F4xx_HAL_Driver/Src/stm32f4xx_hal_rcc.o
LOAD ./Drivers/STM32F4xx_HAL_Driver/Src/stm32f4xx_hal_rcc_ex.o
LOAD ./Drivers/STM32F4xx_HAL_Driver/Src/stm32f4xx_hal_tim.o
LOAD ./Drivers/STM32F4xx_HAL_Driver/Src/stm32f4xx_hal_tim_ex.o
LOAD ./Drivers/STM32F4xx_HAL_Driver/Src/stm32f4xx_hal_uart.o
LOAD ./Drivers/STM32F4xx_HAL_Driver/Src/stm32f4xx_ll_usb.o
LOAD ./Middlewares/ST/STM32_USB_Device_Library/Class/CDC/Src/usbd_cdc.o
LOAD ./Middlewares/ST/STM32_USB_Device_Library/Core/Src/usbd_core.o
LOAD ./Middlewares/ST/STM32_USB_Device_Library/Core/Src/usbd_ctlreq.o
LOAD ./Middlewares/ST/STM32_USB_Device_Library/Core/Src/usbd_ioreq.o
LOAD ./USB_DEVICE/App/usb_device.o
LOAD ./USB_DEVICE/App/usbd_cdc_if.o
LOAD ./USB_DEVICE/App/usbd_desc.o
LOAD ./USB_DEVICE/Target/usbd_conf.o
START GROUP
LOAD C:/ST/STM32CubeIDE_1.10.1/STM32CubeIDE/plugins/com.st.stm32cube.ide.mcu.externaltools.gnu-tools-for-stm32.12.3.rel1.win32_1.0.200.202406191623/tools/bin/../lib/gcc/arm-none-eabi/12.3.1/../../../../arm-none-eabi/lib/thumb/v7e-m+fp/hard\libstdc++_nano.a
LOAD C:/ST/STM32CubeIDE_1.10.1/STM32CubeIDE/plugins/com.st.stm32cube.ide.mcu.externaltools.gnu-tools-for-stm32.12.3.rel1.win32_1.0.200.202406191623/tools/bin/../lib/gcc/arm-none-eabi/12.3.1/../../../../arm-none-eabi/lib/thumb/v7e-m+fp/hard\libsupc++_nano.a
END GROUP
LOAD C:/ST/STM32CubeIDE_1.10.1/STM32CubeIDE/plugins/com.st.stm32cube.ide.mcu.externaltools.gnu-tools-for-stm32.12.3.rel1.win32_1.0.200.202406191623/tools/bin/../lib/gcc/arm-none-eabi/12.3.1/../../../../arm-none-eabi/lib/thumb/v7e-m+fp/hard\libstdc++_nano.a
LOAD C:/ST/STM32CubeIDE_1.10.1/STM32CubeIDE/plugins/com.st.stm32cube.ide.mcu.externaltools.gnu-tools-for-stm32.12.3.rel1.win32_1.0.200.202406191623/tools/bin/../lib/gcc/arm-none-eabi/12.3.1/../../../../arm-none-eabi/lib/thumb/v7e-m+fp/hard\libm.a
LOAD C:/ST/STM32CubeIDE_1.10.1/STM32CubeIDE/plugins/com.st.stm32cube.ide.mcu.externaltools.gnu-tools-for-stm32.12.3.rel1.win32_1.0.200.202406191623/tools/bin/../lib/gcc/arm-none-eabi/12.3.1/../../../../arm-none-eabi/lib/thumb/v7e-m+fp/hard\libc_nano.a
START GROUP
LOAD C:/ST/STM32CubeIDE_1.10.1/STM32CubeIDE/plugins/com.st.stm32cube.ide.mcu.externaltools.gnu-tools-for-stm32.12.3.rel1.win32_1.0.200.202406191623/tools/bin/../lib/gcc/arm-none-eabi/12.3.1/thumb/v7e-m+fp/hard\libgcc.a
LOAD C:/ST/STM32CubeIDE_1.10.1/STM32CubeIDE/plugins/com.st.stm32cube.ide.mcu.externaltools.gnu-tools-for-stm32.12.3.rel1.win32_1.0.200.202406191623/tools/bin/../lib/gcc/arm-none-eabi/12.3.1/../../../../arm-none-eabi/lib/thumb/v7e-m+fp/hard\libc_nano.a
END GROUP
START GROUP
LOAD C:/ST/STM32CubeIDE_1.10.1/STM32CubeIDE/plugins/com.st.stm32cube.ide.mcu.externaltools.gnu-tools-for-stm32.12.3.rel1.win32_1.0.200.202406191623/tools/bin/../lib/gcc/arm-none-eabi/12.3.1/thumb/v7e-m+fp/hard\libgcc.a
LOAD C:/ST/STM32CubeIDE_1.10.1/STM32CubeIDE/plugins/com.st.stm32cube.ide.mcu.externaltools.gnu-tools-for-stm32.12.3.rel1.win32_1.0.200.202406191623/tools/bin/../lib/gcc/arm-none-eabi/12.3.1/../../../../arm-none-eabi/lib/thumb/v7e-m+fp/hard\libc_nano.a
LOAD C:/ST/STM32CubeIDE_1.10.1/STM32CubeIDE/plugins/com.st.stm32cube.ide.mcu.externaltools.gnu-tools-for-stm32.12.3.rel1.win32_1.0.200.202406191623/tools/bin/../lib/gcc/arm-none-eabi/12.3.1/../../../../arm-none-eabi/lib/thumb/v7e-m+fp/hard\libnosys.a
END GROUP
START GROUP
LOAD C:/ST/STM32CubeIDE_1.10.1/STM32CubeIDE/plugins/com.st.stm32cube.ide.mcu.externaltools.gnu-tools-for-stm32.12.3.rel1.win32_1.0.200.202406191623/tools/bin/../lib/gcc/arm-none-eabi/12.3.1/thumb/v7e-m+fp/hard\libgcc.a
LOAD C:/ST/STM32CubeIDE_1.10.1/STM32CubeIDE/plugins/com.st.stm32cube.ide.mcu.externaltools.gnu-tools-for-stm32.12.3.rel1.win32_1.0.200.202406191623/tools/bin/../lib/gcc/arm-none-eabi/12.3.1/../../../../arm-none-eabi/lib/thumb/v7e-m+fp/hard\libc_nano.a
LOAD C:/ST/STM32CubeIDE_1.10.1/STM32CubeIDE/plugins/com.st.stm32cube.ide.mcu.externaltools.gnu-tools-for-stm32.12.3.rel1.win32_1.0.200.202406191623/tools/bin/../lib/gcc/arm-none-eabi/12.3.1/../../../../arm-none-eabi/lib/thumb/v7e-m+fp/hard\libnosys.a
END GROUP
LOAD C:/ST/STM32CubeIDE_1.10.1/STM32CubeIDE/plugins/com.st.stm32cube.ide.mcu.externaltools.gnu-tools-for-stm32.12.3.rel1.win32_1.0.200.202406191623/tools/bin/../lib/gcc/arm-none-eabi/12.3.1/thumb/v7e-m+fp/hard/crtend.o
LOAD C:/ST/STM32CubeIDE_1.10.1/STM32CubeIDE/plugins/com.st.stm32cube.ide.mcu.externaltools.gnu-tools-for-stm32.12.3.rel1.win32_1.0.200.202406191623/tools/bin/../lib/gcc/arm-none-eabi/12.3.1/thumb/v7e-m+fp/hard/crtn.o
                0x20020000                        _estack = (ORIGIN (RAM) + LENGTH (RAM))
                0x00000200                        _Min_Heap_Size = 0x200
                0x00000400                        _Min_Stack_Size = 0x400

.isr_vector     0x08000000      0x198
                0x08000000                        . = ALIGN (0x4)
 *(.isr_vector)
 .isr_vector    0x08000000      0x198 ./Core/Startup/startup_stm32f411ccux.o
                0x08000000                g_pfnVectors
                0x08000198                        . = ALIGN (0x4)

.text           0x08000198     0x7278
                0x08000198                        . = ALIGN (0x4)
 *(.text)
 .text          0x08000198       0x40 C:/ST/STM32CubeIDE_1.10.1/STM32CubeIDE/plugins/com.st.stm32cube.ide.mcu.externaltools.gnu-tools-for-stm32.12.3.rel1.win32_1.0.200.202406191623/tools/bin/../lib/gcc/arm-none-eabi/12.3.1/thumb/v7e-m+fp/hard/crtbegin.o
 .text          0x080001d8       0x30 C:/ST/STM32CubeIDE_1.10.1/STM32CubeIDE/plugins/com.st.stm32cube.ide.mcu.externaltools.gnu-tools-for-stm32.12.3.rel1.win32_1.0.200.202406191623/tools/bin/../lib/gcc/arm-none-eabi/12.3.1/thumb/v7e-m+fp/hard\libgcc.a(_aeabi_uldivmod.o)
                0x080001d8                __aeabi_uldivmod
 .text          0x08000208      0x2bc C:/ST/STM32CubeIDE_1.10.1/STM32CubeIDE/plugins/com.st.stm32cube.ide.mcu.externaltools.gnu-tools-for-stm32.12.3.rel1.win32_1.0.200.202406191623/tools/bin/../lib/gcc/arm-none-eabi/12.3.1/thumb/v7e-m+fp/hard\libgcc.a(_udivmoddi4.o)
                0x08000208                __udivmoddi4
 .text          0x080004c4        0x4 C:/ST/STM32CubeIDE_1.10.1/STM32CubeIDE/plugins/com.st.stm32cube.ide.mcu.externaltools.gnu-tools-for-stm32.12.3.rel1.win32_1.0.200.202406191623/tools/bin/../lib/gcc/arm-none-eabi/12.3.1/thumb/v7e-m+fp/hard\libgcc.a(_dvmd_tls.o)
                0x080004c4                __aeabi_idiv0
                0x080004c4                __aeabi_ldiv0
 *(.text*)
 .text.MX_GPIO_Init
                0x080004c8      0x108 ./Core/Src/gpio.o
                0x080004c8                MX_GPIO_Init
 .text.USB_RXCallback
                0x080005d0       0x3c ./Core/Src/main.o
                0x080005d0                USB_RXCallback
 .text.main     0x0800060c       0x20 ./Core/Src/main.o
                0x0800060c                main
 .text.SystemClock_Config
                0x0800062c       0xd8 ./Core/Src/main.o
                0x0800062c                SystemClock_Config
 .text.Error_Handler
                0x08000704        0xc ./Core/Src/main.o
                0x08000704                Error_Handler
 .text.HAL_MspInit
                0x08000710       0x50 ./Core/Src/stm32f4xx_hal_msp.o
                0x08000710                HAL_MspInit
 .text.NMI_Handler
                0x08000760        0x8 ./Core/Src/stm32f4xx_it.o
                0x08000760                NMI_Handler
 .text.HardFault_Handler
                0x08000768        0x8 ./Core/Src/stm32f4xx_it.o
                0x08000768                HardFault_Handler
 .text.MemManage_Handler
                0x08000770        0x8 ./Core/Src/stm32f4xx_it.o
                0x08000770                MemManage_Handler
 .text.BusFault_Handler
                0x08000778        0x8 ./Core/Src/stm32f4xx_it.o
                0x08000778                BusFault_Handler
 .text.UsageFault_Handler
                0x08000780        0x8 ./Core/Src/stm32f4xx_it.o
                0x08000780                UsageFault_Handler
 .text.SVC_Handler
                0x08000788        0xe ./Core/Src/stm32f4xx_it.o
                0x08000788                SVC_Handler
 .text.DebugMon_Handler
                0x08000796        0xe ./Core/Src/stm32f4xx_it.o
                0x08000796                DebugMon_Handler
 .text.PendSV_Handler
                0x080007a4        0xe ./Core/Src/stm32f4xx_it.o
                0x080007a4                PendSV_Handler
 .text.SysTick_Handler
                0x080007b2        0xc ./Core/Src/stm32f4xx_it.o
                0x080007b2                SysTick_Handler
 *fill*         0x080007be        0x2 
 .text.OTG_FS_IRQHandler
                0x080007c0       0x14 ./Core/Src/stm32f4xx_it.o
                0x080007c0                OTG_FS_IRQHandler
 .text.SystemInit
                0x080007d4       0x24 ./Core/Src/system_stm32f4xx.o
                0x080007d4                SystemInit
 .text.MX_USART1_UART_Init
                0x080007f8       0x54 ./Core/Src/usart.o
                0x080007f8                MX_USART1_UART_Init
 .text.MX_USART2_UART_Init
                0x0800084c       0x54 ./Core/Src/usart.o
                0x0800084c                MX_USART2_UART_Init
 .text.HAL_UART_MspInit
                0x080008a0       0xf8 ./Core/Src/usart.o
                0x080008a0                HAL_UART_MspInit
 .text.Reset_Handler
                0x08000998       0x50 ./Core/Startup/startup_stm32f411ccux.o
                0x08000998                Reset_Handler
 .text.Default_Handler
                0x080009e8        0x2 ./Core/Startup/startup_stm32f411ccux.o
                0x080009e8                RTC_Alarm_IRQHandler
                0x080009e8                EXTI2_IRQHandler
                0x080009e8                SPI4_IRQHandler
                0x080009e8                TIM1_CC_IRQHandler
                0x080009e8                DMA2_Stream5_IRQHandler
                0x080009e8                DMA1_Stream5_IRQHandler
                0x080009e8                PVD_IRQHandler
                0x080009e8                SDIO_IRQHandler
                0x080009e8                TAMP_STAMP_IRQHandler
                0x080009e8                EXTI3_IRQHandler
                0x080009e8                TIM1_UP_TIM10_IRQHandler
                0x080009e8                I2C3_ER_IRQHandler
                0x080009e8                EXTI0_IRQHandler
                0x080009e8                I2C2_EV_IRQHandler
                0x080009e8                DMA1_Stream2_IRQHandler
                0x080009e8                FPU_IRQHandler
                0x080009e8                DMA2_Stream2_IRQHandler
                0x080009e8                SPI1_IRQHandler
                0x080009e8                TIM1_BRK_TIM9_IRQHandler
                0x080009e8                DMA2_Stream3_IRQHandler
                0x080009e8                USART6_IRQHandler
                0x080009e8                DMA2_Stream0_IRQHandler
                0x080009e8                TIM4_IRQHandler
                0x080009e8                I2C1_EV_IRQHandler
                0x080009e8                DMA1_Stream6_IRQHandler
                0x080009e8                DMA1_Stream1_IRQHandler
                0x080009e8                TIM3_IRQHandler
                0x080009e8                RCC_IRQHandler
                0x080009e8                Default_Handler
                0x080009e8                EXTI15_10_IRQHandler
                0x080009e8                ADC_IRQHandler
                0x080009e8                DMA1_Stream7_IRQHandler
                0x080009e8                SPI5_IRQHandler
                0x080009e8                TIM5_IRQHandler
                0x080009e8                DMA2_Stream7_IRQHandler
                0x080009e8                I2C3_EV_IRQHandler
                0x080009e8                EXTI9_5_IRQHandler
                0x080009e8                RTC_WKUP_IRQHandler
                0x080009e8                SPI2_IRQHandler
                0x080009e8                DMA1_Stream0_IRQHandler
                0x080009e8                EXTI4_IRQHandler
                0x080009e8                WWDG_IRQHandler
                0x080009e8                TIM2_IRQHandler
                0x080009e8                OTG_FS_WKUP_IRQHandler
                0x080009e8                TIM1_TRG_COM_TIM11_IRQHandler
                0x080009e8                EXTI1_IRQHandler
                0x080009e8                USART2_IRQHandler
                0x080009e8                I2C2_ER_IRQHandler
                0x080009e8                DMA2_Stream1_IRQHandler
                0x080009e8                FLASH_IRQHandler
                0x080009e8                DMA2_Stream4_IRQHandler
                0x080009e8                USART1_IRQHandler
                0x080009e8                SPI3_IRQHandler
                0x080009e8                DMA1_Stream4_IRQHandler
                0x080009e8                I2C1_ER_IRQHandler
                0x080009e8                DMA2_Stream6_IRQHandler
                0x080009e8                DMA1_Stream3_IRQHandler
 *fill*         0x080009ea        0x2 
 .text.HAL_Init
                0x080009ec       0x44 ./Drivers/STM32F4xx_HAL_Driver/Src/stm32f4xx_hal.o
                0x080009ec                HAL_Init
 .text.HAL_InitTick
                0x08000a30       0x60 ./Drivers/STM32F4xx_HAL_Driver/Src/stm32f4xx_hal.o
                0x08000a30                HAL_InitTick
 .text.HAL_IncTick
                0x08000a90       0x28 ./Drivers/STM32F4xx_HAL_Driver/Src/stm32f4xx_hal.o
                0x08000a90                HAL_IncTick
 .text.HAL_GetTick
                0x08000ab8       0x18 ./Drivers/STM32F4xx_HAL_Driver/Src/stm32f4xx_hal.o
                0x08000ab8                HAL_GetTick
 .text.HAL_Delay
                0x08000ad0       0x48 ./Drivers/STM32F4xx_HAL_Driver/Src/stm32f4xx_hal.o
                0x08000ad0                HAL_Delay
 .text.__NVIC_SetPriorityGrouping
                0x08000b18       0x48 ./Drivers/STM32F4xx_HAL_Driver/Src/stm32f4xx_hal_cortex.o
 .text.__NVIC_GetPriorityGrouping
                0x08000b60       0x1c ./Drivers/STM32F4xx_HAL_Driver/Src/stm32f4xx_hal_cortex.o
 .text.__NVIC_EnableIRQ
                0x08000b7c       0x3c ./Drivers/STM32F4xx_HAL_Driver/Src/stm32f4xx_hal_cortex.o
 .text.__NVIC_SetPriority
                0x08000bb8       0x54 ./Drivers/STM32F4xx_HAL_Driver/Src/stm32f4xx_hal_cortex.o
 .text.NVIC_EncodePriority
                0x08000c0c       0x66 ./Drivers/STM32F4xx_HAL_Driver/Src/stm32f4xx_hal_cortex.o
 *fill*         0x08000c72        0x2 
 .text.SysTick_Config
                0x08000c74       0x44 ./Drivers/STM32F4xx_HAL_Driver/Src/stm32f4xx_hal_cortex.o
 .text.HAL_NVIC_SetPriorityGrouping
                0x08000cb8       0x16 ./Drivers/STM32F4xx_HAL_Driver/Src/stm32f4xx_hal_cortex.o
                0x08000cb8                HAL_NVIC_SetPriorityGrouping
 .text.HAL_NVIC_SetPriority
                0x08000cce       0x38 ./Drivers/STM32F4xx_HAL_Driver/Src/stm32f4xx_hal_cortex.o
                0x08000cce                HAL_NVIC_SetPriority
 .text.HAL_NVIC_EnableIRQ
                0x08000d06       0x1c ./Drivers/STM32F4xx_HAL_Driver/Src/stm32f4xx_hal_cortex.o
                0x08000d06                HAL_NVIC_EnableIRQ
 .text.HAL_SYSTICK_Config
                0x08000d22       0x18 ./Drivers/STM32F4xx_HAL_Driver/Src/stm32f4xx_hal_cortex.o
                0x08000d22                HAL_SYSTICK_Config
 *fill*         0x08000d3a        0x2 
 .text.HAL_GPIO_Init
                0x08000d3c      0x308 ./Drivers/STM32F4xx_HAL_Driver/Src/stm32f4xx_hal_gpio.o
                0x08000d3c                HAL_GPIO_Init
 .text.HAL_GPIO_WritePin
                0x08001044       0x32 ./Drivers/STM32F4xx_HAL_Driver/Src/stm32f4xx_hal_gpio.o
                0x08001044                HAL_GPIO_WritePin
 .text.HAL_PCD_Init
                0x08001076      0x21e ./Drivers/STM32F4xx_HAL_Driver/Src/stm32f4xx_hal_pcd.o
                0x08001076                HAL_PCD_Init
 .text.HAL_PCD_Start
                0x08001294       0x6a ./Drivers/STM32F4xx_HAL_Driver/Src/stm32f4xx_hal_pcd.o
                0x08001294                HAL_PCD_Start
 .text.HAL_PCD_IRQHandler
                0x080012fe      0x942 ./Drivers/STM32F4xx_HAL_Driver/Src/stm32f4xx_hal_pcd.o
                0x080012fe                HAL_PCD_IRQHandler
 .text.HAL_PCD_SetAddress
                0x08001c40       0x48 ./Drivers/STM32F4xx_HAL_Driver/Src/stm32f4xx_hal_pcd.o
                0x08001c40                HAL_PCD_SetAddress
 .text.HAL_PCD_EP_Open
                0x08001c88       0xd4 ./Drivers/STM32F4xx_HAL_Driver/Src/stm32f4xx_hal_pcd.o
                0x08001c88                HAL_PCD_EP_Open
 .text.HAL_PCD_EP_Close
                0x08001d5c       0x94 ./Drivers/STM32F4xx_HAL_Driver/Src/stm32f4xx_hal_pcd.o
                0x08001d5c                HAL_PCD_EP_Close
 .text.HAL_PCD_EP_Receive
                0x08001df0       0x76 ./Drivers/STM32F4xx_HAL_Driver/Src/stm32f4xx_hal_pcd.o
                0x08001df0                HAL_PCD_EP_Receive
 .text.HAL_PCD_EP_GetRxCount
                0x08001e66       0x30 ./Drivers/STM32F4xx_HAL_Driver/Src/stm32f4xx_hal_pcd.o
                0x08001e66                HAL_PCD_EP_GetRxCount
 .text.HAL_PCD_EP_Transmit
                0x08001e96       0x74 ./Drivers/STM32F4xx_HAL_Driver/Src/stm32f4xx_hal_pcd.o
                0x08001e96                HAL_PCD_EP_Transmit
 .text.HAL_PCD_EP_SetStall
                0x08001f0a       0xc6 ./Drivers/STM32F4xx_HAL_Driver/Src/stm32f4xx_hal_pcd.o
                0x08001f0a                HAL_PCD_EP_SetStall
 .text.HAL_PCD_EP_ClrStall
                0x08001fd0       0xac ./Drivers/STM32F4xx_HAL_Driver/Src/stm32f4xx_hal_pcd.o
                0x08001fd0                HAL_PCD_EP_ClrStall
 .text.HAL_PCD_EP_Abort
                0x0800207c       0x62 ./Drivers/STM32F4xx_HAL_Driver/Src/stm32f4xx_hal_pcd.o
                0x0800207c                HAL_PCD_EP_Abort
 .text.PCD_WriteEmptyTxFifo
                0x080020de      0x118 ./Drivers/STM32F4xx_HAL_Driver/Src/stm32f4xx_hal_pcd.o
 *fill*         0x080021f6        0x2 
 .text.PCD_EP_OutXfrComplete_int
                0x080021f8      0x1d0 ./Drivers/STM32F4xx_HAL_Driver/Src/stm32f4xx_hal_pcd.o
 .text.PCD_EP_OutSetupPacket_int
                0x080023c8       0x8c ./Drivers/STM32F4xx_HAL_Driver/Src/stm32f4xx_hal_pcd.o
 .text.HAL_PCDEx_SetTxFiFo
                0x08002454       0x8e ./Drivers/STM32F4xx_HAL_Driver/Src/stm32f4xx_hal_pcd_ex.o
                0x08002454                HAL_PCDEx_SetTxFiFo
 .text.HAL_PCDEx_SetRxFiFo
                0x080024e2       0x22 ./Drivers/STM32F4xx_HAL_Driver/Src/stm32f4xx_hal_pcd_ex.o
                0x080024e2                HAL_PCDEx_SetRxFiFo
 .text.HAL_PCDEx_LPM_Callback
                0x08002504       0x18 ./Drivers/STM32F4xx_HAL_Driver/Src/stm32f4xx_hal_pcd_ex.o
                0x08002504                HAL_PCDEx_LPM_Callback
 .text.HAL_RCC_OscConfig
                0x0800251c      0x4f0 ./Drivers/STM32F4xx_HAL_Driver/Src/stm32f4xx_hal_rcc.o
                0x0800251c                HAL_RCC_OscConfig
 .text.HAL_RCC_ClockConfig
                0x08002a0c      0x1cc ./Drivers/STM32F4xx_HAL_Driver/Src/stm32f4xx_hal_rcc.o
                0x08002a0c                HAL_RCC_ClockConfig
 .text.HAL_RCC_GetSysClockFreq
                0x08002bd8      0x18c ./Drivers/STM32F4xx_HAL_Driver/Src/stm32f4xx_hal_rcc.o
                0x08002bd8                HAL_RCC_GetSysClockFreq
 .text.HAL_RCC_GetHCLKFreq
                0x08002d64       0x18 ./Drivers/STM32F4xx_HAL_Driver/Src/stm32f4xx_hal_rcc.o
                0x08002d64                HAL_RCC_GetHCLKFreq
 .text.HAL_RCC_GetPCLK1Freq
                0x08002d7c       0x28 ./Drivers/STM32F4xx_HAL_Driver/Src/stm32f4xx_hal_rcc.o
                0x08002d7c                HAL_RCC_GetPCLK1Freq
 .text.HAL_RCC_GetPCLK2Freq
                0x08002da4       0x28 ./Drivers/STM32F4xx_HAL_Driver/Src/stm32f4xx_hal_rcc.o
                0x08002da4                HAL_RCC_GetPCLK2Freq
 .text.HAL_UART_Init
                0x08002dcc       0xa0 ./Drivers/STM32F4xx_HAL_Driver/Src/stm32f4xx_hal_uart.o
                0x08002dcc                HAL_UART_Init
 .text.UART_SetConfig
                0x08002e6c      0x4e8 ./Drivers/STM32F4xx_HAL_Driver/Src/stm32f4xx_hal_uart.o
 .text.USB_CoreInit
                0x08003354       0xc8 ./Drivers/STM32F4xx_HAL_Driver/Src/stm32f4xx_ll_usb.o
                0x08003354                USB_CoreInit
 .text.USB_SetTurnaroundTime
                0x0800341c      0x144 ./Drivers/STM32F4xx_HAL_Driver/Src/stm32f4xx_ll_usb.o
                0x0800341c                USB_SetTurnaroundTime
 .text.USB_EnableGlobalInt
                0x08003560       0x22 ./Drivers/STM32F4xx_HAL_Driver/Src/stm32f4xx_ll_usb.o
                0x08003560                USB_EnableGlobalInt
 .text.USB_DisableGlobalInt
                0x08003582       0x22 ./Drivers/STM32F4xx_HAL_Driver/Src/stm32f4xx_ll_usb.o
                0x08003582                USB_DisableGlobalInt
 .text.USB_SetCurrentMode
                0x080035a4       0x98 ./Drivers/STM32F4xx_HAL_Driver/Src/stm32f4xx_ll_usb.o
                0x080035a4                USB_SetCurrentMode
 .text.USB_DevInit
                0x0800363c      0x2c8 ./Drivers/STM32F4xx_HAL_Driver/Src/stm32f4xx_ll_usb.o
                0x0800363c                USB_DevInit
 .text.USB_FlushTxFifo
                0x08003904       0x64 ./Drivers/STM32F4xx_HAL_Driver/Src/stm32f4xx_ll_usb.o
                0x08003904                USB_FlushTxFifo
 .text.USB_FlushRxFifo
                0x08003968       0x5c ./Drivers/STM32F4xx_HAL_Driver/Src/stm32f4xx_ll_usb.o
                0x08003968                USB_FlushRxFifo
 .text.USB_SetDevSpeed
                0x080039c4       0x32 ./Drivers/STM32F4xx_HAL_Driver/Src/stm32f4xx_ll_usb.o
                0x080039c4                USB_SetDevSpeed
 .text.USB_GetDevSpeed
                0x080039f6       0x4a ./Drivers/STM32F4xx_HAL_Driver/Src/stm32f4xx_ll_usb.o
                0x080039f6                USB_GetDevSpeed
 .text.USB_ActivateEndpoint
                0x08003a40      0x10e ./Drivers/STM32F4xx_HAL_Driver/Src/stm32f4xx_ll_usb.o
                0x08003a40                USB_ActivateEndpoint
 *fill*         0x08003b4e        0x2 
 .text.USB_DeactivateEndpoint
                0x08003b50      0x1b8 ./Drivers/STM32F4xx_HAL_Driver/Src/stm32f4xx_ll_usb.o
                0x08003b50                USB_DeactivateEndpoint
 .text.USB_EPStartXfer
                0x08003d08      0x53c ./Drivers/STM32F4xx_HAL_Driver/Src/stm32f4xx_ll_usb.o
                0x08003d08                USB_EPStartXfer
 .text.USB_EPStopXfer
                0x08004244      0x154 ./Drivers/STM32F4xx_HAL_Driver/Src/stm32f4xx_ll_usb.o
                0x08004244                USB_EPStopXfer
 .text.USB_WritePacket
                0x08004398       0x7c ./Drivers/STM32F4xx_HAL_Driver/Src/stm32f4xx_ll_usb.o
                0x08004398                USB_WritePacket
 .text.USB_ReadPacket
                0x08004414       0xb0 ./Drivers/STM32F4xx_HAL_Driver/Src/stm32f4xx_ll_usb.o
                0x08004414                USB_ReadPacket
 .text.USB_EPSetStall
                0x080044c4       0xdc ./Drivers/STM32F4xx_HAL_Driver/Src/stm32f4xx_ll_usb.o
                0x080044c4                USB_EPSetStall
 .text.USB_EPClearStall
                0x080045a0       0xcc ./Drivers/STM32F4xx_HAL_Driver/Src/stm32f4xx_ll_usb.o
                0x080045a0                USB_EPClearStall
 .text.USB_SetDevAddress
                0x0800466c       0x4c ./Drivers/STM32F4xx_HAL_Driver/Src/stm32f4xx_ll_usb.o
                0x0800466c                USB_SetDevAddress
 .text.USB_DevConnect
                0x080046b8       0x42 ./Drivers/STM32F4xx_HAL_Driver/Src/stm32f4xx_ll_usb.o
                0x080046b8                USB_DevConnect
 .text.USB_DevDisconnect
                0x080046fa       0x42 ./Drivers/STM32F4xx_HAL_Driver/Src/stm32f4xx_ll_usb.o
                0x080046fa                USB_DevDisconnect
 .text.USB_ReadInterrupts
                0x0800473c       0x26 ./Drivers/STM32F4xx_HAL_Driver/Src/stm32f4xx_ll_usb.o
                0x0800473c                USB_ReadInterrupts
 .text.USB_ReadDevAllOutEpInterrupt
                0x08004762       0x34 ./Drivers/STM32F4xx_HAL_Driver/Src/stm32f4xx_ll_usb.o
                0x08004762                USB_ReadDevAllOutEpInterrupt
 .text.USB_ReadDevAllInEpInterrupt
                0x08004796       0x34 ./Drivers/STM32F4xx_HAL_Driver/Src/stm32f4xx_ll_usb.o
                0x08004796                USB_ReadDevAllInEpInterrupt
 .text.USB_ReadDevOutEPInterrupt
                0x080047ca       0x3c ./Drivers/STM32F4xx_HAL_Driver/Src/stm32f4xx_ll_usb.o
                0x080047ca                USB_ReadDevOutEPInterrupt
 .text.USB_ReadDevInEPInterrupt
                0x08004806       0x5c ./Drivers/STM32F4xx_HAL_Driver/Src/stm32f4xx_ll_usb.o
                0x08004806                USB_ReadDevInEPInterrupt
 .text.USB_GetMode
                0x08004862       0x1c ./Drivers/STM32F4xx_HAL_Driver/Src/stm32f4xx_ll_usb.o
                0x08004862                USB_GetMode
 .text.USB_ActivateSetup
                0x0800487e       0x46 ./Drivers/STM32F4xx_HAL_Driver/Src/stm32f4xx_ll_usb.o
                0x0800487e                USB_ActivateSetup
 .text.USB_EP0_OutStart
                0x080048c4       0xbc ./Drivers/STM32F4xx_HAL_Driver/Src/stm32f4xx_ll_usb.o
                0x080048c4                USB_EP0_OutStart
 .text.USB_CoreReset
                0x08004980       0x62 ./Drivers/STM32F4xx_HAL_Driver/Src/stm32f4xx_ll_usb.o
 *fill*         0x080049e2        0x2 
 .text.USBD_CDC_Init
                0x080049e4      0x1f0 ./Middlewares/ST/STM32_USB_Device_Library/Class/CDC/Src/usbd_cdc.o
 .text.USBD_CDC_DeInit
                0x08004bd4      0x104 ./Middlewares/ST/STM32_USB_Device_Library/Class/CDC/Src/usbd_cdc.o
 .text.USBD_CDC_Setup
                0x08004cd8      0x1b8 ./Middlewares/ST/STM32_USB_Device_Library/Class/CDC/Src/usbd_cdc.o
 .text.USBD_CDC_DataIn
                0x08004e90       0xfe ./Middlewares/ST/STM32_USB_Device_Library/Class/CDC/Src/usbd_cdc.o
 .text.USBD_CDC_DataOut
                0x08004f8e       0x70 ./Middlewares/ST/STM32_USB_Device_Library/Class/CDC/Src/usbd_cdc.o
 .text.USBD_CDC_EP0_RxReady
                0x08004ffe       0x74 ./Middlewares/ST/STM32_USB_Device_Library/Class/CDC/Src/usbd_cdc.o
 *fill*         0x08005072        0x2 
 .text.USBD_CDC_GetFSCfgDesc
                0x08005074       0x70 ./Middlewares/ST/STM32_USB_Device_Library/Class/CDC/Src/usbd_cdc.o
 .text.USBD_CDC_GetHSCfgDesc
                0x080050e4       0x70 ./Middlewares/ST/STM32_USB_Device_Library/Class/CDC/Src/usbd_cdc.o
 .text.USBD_CDC_GetOtherSpeedCfgDesc
                0x08005154       0x70 ./Middlewares/ST/STM32_USB_Device_Library/Class/CDC/Src/usbd_cdc.o
 .text.USBD_CDC_GetDeviceQualifierDescriptor
                0x080051c4       0x20 ./Middlewares/ST/STM32_USB_Device_Library/Class/CDC/Src/usbd_cdc.o
                0x080051c4                USBD_CDC_GetDeviceQualifierDescriptor
 .text.USBD_CDC_RegisterInterface
                0x080051e4       0x34 ./Middlewares/ST/STM32_USB_Device_Library/Class/CDC/Src/usbd_cdc.o
                0x080051e4                USBD_CDC_RegisterInterface
 .text.USBD_CDC_SetTxBuffer
                0x08005218       0x44 ./Middlewares/ST/STM32_USB_Device_Library/Class/CDC/Src/usbd_cdc.o
                0x08005218                USBD_CDC_SetTxBuffer
 .text.USBD_CDC_SetRxBuffer
                0x0800525c       0x3a ./Middlewares/ST/STM32_USB_Device_Library/Class/CDC/Src/usbd_cdc.o
                0x0800525c                USBD_CDC_SetRxBuffer
 *fill*         0x08005296        0x2 
 .text.USBD_CDC_ReceivePacket
                0x08005298       0x6c ./Middlewares/ST/STM32_USB_Device_Library/Class/CDC/Src/usbd_cdc.o
                0x08005298                USBD_CDC_ReceivePacket
 .text.USBD_Init
                0x08005304       0x60 ./Middlewares/ST/STM32_USB_Device_Library/Core/Src/usbd_core.o
                0x08005304                USBD_Init
 .text.USBD_RegisterClass
                0x08005364       0x6c ./Middlewares/ST/STM32_USB_Device_Library/Core/Src/usbd_core.o
                0x08005364                USBD_RegisterClass
 .text.USBD_Start
                0x080053d0       0x18 ./Middlewares/ST/STM32_USB_Device_Library/Core/Src/usbd_core.o
                0x080053d0                USBD_Start
 .text.USBD_RunTestMode
                0x080053e8       0x16 ./Middlewares/ST/STM32_USB_Device_Library/Core/Src/usbd_core.o
                0x080053e8                USBD_RunTestMode
 .text.USBD_SetClassConfig
                0x080053fe       0x38 ./Middlewares/ST/STM32_USB_Device_Library/Core/Src/usbd_core.o
                0x080053fe                USBD_SetClassConfig
 .text.USBD_ClrClassConfig
                0x08005436       0x34 ./Middlewares/ST/STM32_USB_Device_Library/Core/Src/usbd_core.o
                0x08005436                USBD_ClrClassConfig
 .text.USBD_LL_SetupStage
                0x0800546a       0xaa ./Middlewares/ST/STM32_USB_Device_Library/Core/Src/usbd_core.o
                0x0800546a                USBD_LL_SetupStage
 .text.USBD_LL_DataOutStage
                0x08005514      0x166 ./Middlewares/ST/STM32_USB_Device_Library/Core/Src/usbd_core.o
                0x08005514                USBD_LL_DataOutStage
 .text.USBD_LL_DataInStage
                0x0800567a      0x164 ./Middlewares/ST/STM32_USB_Device_Library/Core/Src/usbd_core.o
                0x0800567a                USBD_LL_DataInStage
 .text.USBD_LL_Reset
                0x080057de       0xa4 ./Middlewares/ST/STM32_USB_Device_Library/Core/Src/usbd_core.o
                0x080057de                USBD_LL_Reset
 .text.USBD_LL_SetSpeed
                0x08005882       0x20 ./Middlewares/ST/STM32_USB_Device_Library/Core/Src/usbd_core.o
                0x08005882                USBD_LL_SetSpeed
 .text.USBD_LL_Suspend
                0x080058a2       0x38 ./Middlewares/ST/STM32_USB_Device_Library/Core/Src/usbd_core.o
                0x080058a2                USBD_LL_Suspend
 .text.USBD_LL_Resume
                0x080058da       0x30 ./Middlewares/ST/STM32_USB_Device_Library/Core/Src/usbd_core.o
                0x080058da                USBD_LL_Resume
 .text.USBD_LL_SOF
                0x0800590a       0x40 ./Middlewares/ST/STM32_USB_Device_Library/Core/Src/usbd_core.o
                0x0800590a                USBD_LL_SOF
 .text.USBD_LL_IsoINIncomplete
                0x0800594a       0x64 ./Middlewares/ST/STM32_USB_Device_Library/Core/Src/usbd_core.o
                0x0800594a                USBD_LL_IsoINIncomplete
 .text.USBD_LL_IsoOUTIncomplete
                0x080059ae       0x64 ./Middlewares/ST/STM32_USB_Device_Library/Core/Src/usbd_core.o
                0x080059ae                USBD_LL_IsoOUTIncomplete
 .text.USBD_LL_DevConnected
                0x08005a12       0x16 ./Middlewares/ST/STM32_USB_Device_Library/Core/Src/usbd_core.o
                0x08005a12                USBD_LL_DevConnected
 .text.USBD_LL_DevDisconnected
                0x08005a28       0x46 ./Middlewares/ST/STM32_USB_Device_Library/Core/Src/usbd_core.o
                0x08005a28                USBD_LL_DevDisconnected
 .text.USBD_CoreFindIF
                0x08005a6e       0x1a ./Middlewares/ST/STM32_USB_Device_Library/Core/Src/usbd_core.o
                0x08005a6e                USBD_CoreFindIF
 .text.USBD_CoreFindEP
                0x08005a88       0x1a ./Middlewares/ST/STM32_USB_Device_Library/Core/Src/usbd_core.o
                0x08005a88                USBD_CoreFindEP
 .text.USBD_GetEpDesc
                0x08005aa2       0x70 ./Middlewares/ST/STM32_USB_Device_Library/Core/Src/usbd_core.o
                0x08005aa2                USBD_GetEpDesc
 .text.USBD_GetNextDesc
                0x08005b12       0x38 ./Middlewares/ST/STM32_USB_Device_Library/Core/Src/usbd_core.o
                0x08005b12                USBD_GetNextDesc
 .text.SWAPBYTE
                0x08005b4a       0x3c ./Middlewares/ST/STM32_USB_Device_Library/Core/Src/usbd_ctlreq.o
 *fill*         0x08005b86        0x2 
 .text.USBD_StdDevReq
                0x08005b88       0xe4 ./Middlewares/ST/STM32_USB_Device_Library/Core/Src/usbd_ctlreq.o
                0x08005b88                USBD_StdDevReq
 .text.USBD_StdItfReq
                0x08005c6c       0xd8 ./Middlewares/ST/STM32_USB_Device_Library/Core/Src/usbd_ctlreq.o
                0x08005c6c                USBD_StdItfReq
 .text.USBD_StdEPReq
                0x08005d44      0x33a ./Middlewares/ST/STM32_USB_Device_Library/Core/Src/usbd_ctlreq.o
                0x08005d44                USBD_StdEPReq
 *fill*         0x0800607e        0x2 
 .text.USBD_GetDescriptor
                0x08006080      0x2d4 ./Middlewares/ST/STM32_USB_Device_Library/Core/Src/usbd_ctlreq.o
 .text.USBD_SetAddress
                0x08006354       0x88 ./Middlewares/ST/STM32_USB_Device_Library/Core/Src/usbd_ctlreq.o
 .text.USBD_SetConfig
                0x080063dc      0x154 ./Middlewares/ST/STM32_USB_Device_Library/Core/Src/usbd_ctlreq.o
 .text.USBD_GetConfig
                0x08006530       0x6c ./Middlewares/ST/STM32_USB_Device_Library/Core/Src/usbd_ctlreq.o
 .text.USBD_GetStatus
                0x0800659c       0x68 ./Middlewares/ST/STM32_USB_Device_Library/Core/Src/usbd_ctlreq.o
 .text.USBD_SetFeature
                0x08006604       0x52 ./Middlewares/ST/STM32_USB_Device_Library/Core/Src/usbd_ctlreq.o
 .text.USBD_ClrFeature
                0x08006656       0x44 ./Middlewares/ST/STM32_USB_Device_Library/Core/Src/usbd_ctlreq.o
 .text.USBD_ParseSetupRequest
                0x0800669a       0x74 ./Middlewares/ST/STM32_USB_Device_Library/Core/Src/usbd_ctlreq.o
                0x0800669a                USBD_ParseSetupRequest
 .text.USBD_CtlError
                0x0800670e       0x22 ./Middlewares/ST/STM32_USB_Device_Library/Core/Src/usbd_ctlreq.o
                0x0800670e                USBD_CtlError
 .text.USBD_GetString
                0x08006730       0xa4 ./Middlewares/ST/STM32_USB_Device_Library/Core/Src/usbd_ctlreq.o
                0x08006730                USBD_GetString
 .text.USBD_GetLen
                0x080067d4       0x34 ./Middlewares/ST/STM32_USB_Device_Library/Core/Src/usbd_ctlreq.o
 .text.USBD_CtlSendData
                0x08006808       0x36 ./Middlewares/ST/STM32_USB_Device_Library/Core/Src/usbd_ioreq.o
                0x08006808                USBD_CtlSendData
 .text.USBD_CtlContinueSendData
                0x0800683e       0x22 ./Middlewares/ST/STM32_USB_Device_Library/Core/Src/usbd_ioreq.o
                0x0800683e                USBD_CtlContinueSendData
 .text.USBD_CtlPrepareRx
                0x08006860       0x3a ./Middlewares/ST/STM32_USB_Device_Library/Core/Src/usbd_ioreq.o
                0x08006860                USBD_CtlPrepareRx
 .text.USBD_CtlContinueRx
                0x0800689a       0x22 ./Middlewares/ST/STM32_USB_Device_Library/Core/Src/usbd_ioreq.o
                0x0800689a                USBD_CtlContinueRx
 .text.USBD_CtlSendStatus
                0x080068bc       0x26 ./Middlewares/ST/STM32_USB_Device_Library/Core/Src/usbd_ioreq.o
                0x080068bc                USBD_CtlSendStatus
 .text.USBD_CtlReceiveStatus
                0x080068e2       0x26 ./Middlewares/ST/STM32_USB_Device_Library/Core/Src/usbd_ioreq.o
                0x080068e2                USBD_CtlReceiveStatus
 .text.MX_USB_DEVICE_Init
                0x08006908       0x60 ./USB_DEVICE/App/usb_device.o
                0x08006908                MX_USB_DEVICE_Init
 .text.CDC_Init_FS
                0x08006968       0x28 ./USB_DEVICE/App/usbd_cdc_if.o
 .text.CDC_DeInit_FS
                0x08006990       0x10 ./USB_DEVICE/App/usbd_cdc_if.o
 .text.CDC_Control_FS
                0x080069a0      0x15c ./USB_DEVICE/App/usbd_cdc_if.o
 .text.CDC_Receive_FS
                0x08006afc       0x30 ./USB_DEVICE/App/usbd_cdc_if.o
 .text.CDC_TransmitCplt_FS
                0x08006b2c       0x22 ./USB_DEVICE/App/usbd_cdc_if.o
 *fill*         0x08006b4e        0x2 
 .text.USBD_FS_DeviceDescriptor
                0x08006b50       0x24 ./USB_DEVICE/App/usbd_desc.o
                0x08006b50                USBD_FS_DeviceDescriptor
 .text.USBD_FS_LangIDStrDescriptor
                0x08006b74       0x24 ./USB_DEVICE/App/usbd_desc.o
                0x08006b74                USBD_FS_LangIDStrDescriptor
 .text.USBD_FS_ProductStrDescriptor
                0x08006b98       0x3c ./USB_DEVICE/App/usbd_desc.o
                0x08006b98                USBD_FS_ProductStrDescriptor
 .text.USBD_FS_ManufacturerStrDescriptor
                0x08006bd4       0x28 ./USB_DEVICE/App/usbd_desc.o
                0x08006bd4                USBD_FS_ManufacturerStrDescriptor
 .text.USBD_FS_SerialStrDescriptor
                0x08006bfc       0x24 ./USB_DEVICE/App/usbd_desc.o
                0x08006bfc                USBD_FS_SerialStrDescriptor
 .text.USBD_FS_ConfigStrDescriptor
                0x08006c20       0x3c ./USB_DEVICE/App/usbd_desc.o
                0x08006c20                USBD_FS_ConfigStrDescriptor
 .text.USBD_FS_InterfaceStrDescriptor
                0x08006c5c       0x3c ./USB_DEVICE/App/usbd_desc.o
                0x08006c5c                USBD_FS_InterfaceStrDescriptor
 .text.Get_SerialNum
                0x08006c98       0x58 ./USB_DEVICE/App/usbd_desc.o
 .text.IntToUnicode
                0x08006cf0       0x7e ./USB_DEVICE/App/usbd_desc.o
 *fill*         0x08006d6e        0x2 
 .text.HAL_PCD_MspInit
                0x08006d70       0xa8 ./USB_DEVICE/Target/usbd_conf.o
                0x08006d70                HAL_PCD_MspInit
 .text.HAL_PCD_SetupStageCallback
                0x08006e18       0x24 ./USB_DEVICE/Target/usbd_conf.o
                0x08006e18                HAL_PCD_SetupStageCallback
 .text.HAL_PCD_DataOutStageCallback
                0x08006e3c       0x36 ./USB_DEVICE/Target/usbd_conf.o
                0x08006e3c                HAL_PCD_DataOutStageCallback
 .text.HAL_PCD_DataInStageCallback
                0x08006e72       0x34 ./USB_DEVICE/Target/usbd_conf.o
                0x08006e72                HAL_PCD_DataInStageCallback
 .text.HAL_PCD_SOFCallback
                0x08006ea6       0x1c ./USB_DEVICE/Target/usbd_conf.o
                0x08006ea6                HAL_PCD_SOFCallback
 .text.HAL_PCD_ResetCallback
                0x08006ec2       0x3c ./USB_DEVICE/Target/usbd_conf.o
                0x08006ec2                HAL_PCD_ResetCallback
 *fill*         0x08006efe        0x2 
 .text.HAL_PCD_SuspendCallback
                0x08006f00       0x4c ./USB_DEVICE/Target/usbd_conf.o
                0x08006f00                HAL_PCD_SuspendCallback
 .text.HAL_PCD_ResumeCallback
                0x08006f4c       0x1c ./USB_DEVICE/Target/usbd_conf.o
                0x08006f4c                HAL_PCD_ResumeCallback
 .text.HAL_PCD_ISOOUTIncompleteCallback
                0x08006f68       0x24 ./USB_DEVICE/Target/usbd_conf.o
                0x08006f68                HAL_PCD_ISOOUTIncompleteCallback
 .text.HAL_PCD_ISOINIncompleteCallback
                0x08006f8c       0x24 ./USB_DEVICE/Target/usbd_conf.o
                0x08006f8c                HAL_PCD_ISOINIncompleteCallback
 .text.HAL_PCD_ConnectCallback
                0x08006fb0       0x1c ./USB_DEVICE/Target/usbd_conf.o
                0x08006fb0                HAL_PCD_ConnectCallback
 .text.HAL_PCD_DisconnectCallback
                0x08006fcc       0x1c ./USB_DEVICE/Target/usbd_conf.o
                0x08006fcc                HAL_PCD_DisconnectCallback
 .text.USBD_LL_Init
                0x08006fe8       0x98 ./USB_DEVICE/Target/usbd_conf.o
                0x08006fe8                USBD_LL_Init
 .text.USBD_LL_Start
                0x08007080       0x36 ./USB_DEVICE/Target/usbd_conf.o
                0x08007080                USBD_LL_Start
 .text.USBD_LL_OpenEP
                0x080070b6       0x4c ./USB_DEVICE/Target/usbd_conf.o
                0x080070b6                USBD_LL_OpenEP
 .text.USBD_LL_CloseEP
                0x08007102       0x3e ./USB_DEVICE/Target/usbd_conf.o
                0x08007102                USBD_LL_CloseEP
 .text.USBD_LL_StallEP
                0x08007140       0x3e ./USB_DEVICE/Target/usbd_conf.o
                0x08007140                USBD_LL_StallEP
 .text.USBD_LL_ClearStallEP
                0x0800717e       0x3e ./USB_DEVICE/Target/usbd_conf.o
                0x0800717e                USBD_LL_ClearStallEP
 .text.USBD_LL_IsStallEP
                0x080071bc       0x58 ./USB_DEVICE/Target/usbd_conf.o
                0x080071bc                USBD_LL_IsStallEP
 .text.USBD_LL_SetUSBAddress
                0x08007214       0x3e ./USB_DEVICE/Target/usbd_conf.o
                0x08007214                USBD_LL_SetUSBAddress
 .text.USBD_LL_Transmit
                0x08007252       0x42 ./USB_DEVICE/Target/usbd_conf.o
                0x08007252                USBD_LL_Transmit
 .text.USBD_LL_PrepareReceive
                0x08007294       0x42 ./USB_DEVICE/Target/usbd_conf.o
                0x08007294                USBD_LL_PrepareReceive
 .text.USBD_LL_GetRxDataSize
                0x080072d6       0x26 ./USB_DEVICE/Target/usbd_conf.o
                0x080072d6                USBD_LL_GetRxDataSize
 .text.USBD_static_malloc
                0x080072fc       0x1c ./USB_DEVICE/Target/usbd_conf.o
                0x080072fc                USBD_static_malloc
 .text.USBD_static_free
                0x08007318       0x14 ./USB_DEVICE/Target/usbd_conf.o
                0x08007318                USBD_static_free
 .text.USBD_Get_USB_Status
                0x0800732c       0x58 ./USB_DEVICE/Target/usbd_conf.o
                0x0800732c                USBD_Get_USB_Status
 .text.memset   0x08007384       0x10 C:/ST/STM32CubeIDE_1.10.1/STM32CubeIDE/plugins/com.st.stm32cube.ide.mcu.externaltools.gnu-tools-for-stm32.12.3.rel1.win32_1.0.200.202406191623/tools/bin/../lib/gcc/arm-none-eabi/12.3.1/../../../../arm-none-eabi/lib/thumb/v7e-m+fp/hard\libc_nano.a(libc_a-memset.o)
                0x08007384                memset
 .text.__libc_init_array
                0x08007394       0x48 C:/ST/STM32CubeIDE_1.10.1/STM32CubeIDE/plugins/com.st.stm32cube.ide.mcu.externaltools.gnu-tools-for-stm32.12.3.rel1.win32_1.0.200.202406191623/tools/bin/../lib/gcc/arm-none-eabi/12.3.1/../../../../arm-none-eabi/lib/thumb/v7e-m+fp/hard\libc_nano.a(libc_a-init.o)
                0x08007394                __libc_init_array
 .text.memcpy   0x080073dc       0x1c C:/ST/STM32CubeIDE_1.10.1/STM32CubeIDE/plugins/com.st.stm32cube.ide.mcu.externaltools.gnu-tools-for-stm32.12.3.rel1.win32_1.0.200.202406191623/tools/bin/../lib/gcc/arm-none-eabi/12.3.1/../../../../arm-none-eabi/lib/thumb/v7e-m+fp/hard\libc_nano.a(libc_a-memcpy-stub.o)
                0x080073dc                memcpy
 *(.glue_7)
 .glue_7        0x080073f8        0x0 linker stubs
 *(.glue_7t)
 .glue_7t       0x080073f8        0x0 linker stubs
 *(.eh_frame)
 .eh_frame      0x080073f8        0x0 C:/ST/STM32CubeIDE_1.10.1/STM32CubeIDE/plugins/com.st.stm32cube.ide.mcu.externaltools.gnu-tools-for-stm32.12.3.rel1.win32_1.0.200.202406191623/tools/bin/../lib/gcc/arm-none-eabi/12.3.1/thumb/v7e-m+fp/hard/crtbegin.o
 *(.init)
 .init          0x080073f8        0x4 C:/ST/STM32CubeIDE_1.10.1/STM32CubeIDE/plugins/com.st.stm32cube.ide.mcu.externaltools.gnu-tools-for-stm32.12.3.rel1.win32_1.0.200.202406191623/tools/bin/../lib/gcc/arm-none-eabi/12.3.1/thumb/v7e-m+fp/hard/crti.o
                0x080073f8                _init
 .init          0x080073fc        0x8 C:/ST/STM32CubeIDE_1.10.1/STM32CubeIDE/plugins/com.st.stm32cube.ide.mcu.externaltools.gnu-tools-for-stm32.12.3.rel1.win32_1.0.200.202406191623/tools/bin/../lib/gcc/arm-none-eabi/12.3.1/thumb/v7e-m+fp/hard/crtn.o
 *(.fini)
 .fini          0x08007404        0x4 C:/ST/STM32CubeIDE_1.10.1/STM32CubeIDE/plugins/com.st.stm32cube.ide.mcu.externaltools.gnu-tools-for-stm32.12.3.rel1.win32_1.0.200.202406191623/tools/bin/../lib/gcc/arm-none-eabi/12.3.1/thumb/v7e-m+fp/hard/crti.o
                0x08007404                _fini
 .fini          0x08007408        0x8 C:/ST/STM32CubeIDE_1.10.1/STM32CubeIDE/plugins/com.st.stm32cube.ide.mcu.externaltools.gnu-tools-for-stm32.12.3.rel1.win32_1.0.200.202406191623/tools/bin/../lib/gcc/arm-none-eabi/12.3.1/thumb/v7e-m+fp/hard/crtn.o
                0x08007410                        . = ALIGN (0x4)
                0x08007410                        _etext = .

.vfp11_veneer   0x08007410        0x0
 .vfp11_veneer  0x08007410        0x0 linker stubs

.v4_bx          0x08007410        0x0
 .v4_bx         0x08007410        0x0 linker stubs

.iplt           0x08007410        0x0
 .iplt          0x08007410        0x0 C:/ST/STM32CubeIDE_1.10.1/STM32CubeIDE/plugins/com.st.stm32cube.ide.mcu.externaltools.gnu-tools-for-stm32.12.3.rel1.win32_1.0.200.202406191623/tools/bin/../lib/gcc/arm-none-eabi/12.3.1/thumb/v7e-m+fp/hard/crtbegin.o

.rodata         0x08007410       0x60
                0x08007410                        . = ALIGN (0x4)
 *(.rodata)
 .rodata        0x08007410       0x46 ./USB_DEVICE/App/usbd_desc.o
 *(.rodata*)
 *fill*         0x08007456        0x2 
 .rodata.AHBPrescTable
                0x08007458       0x10 ./Core/Src/system_stm32f4xx.o
                0x08007458                AHBPrescTable
 .rodata.APBPrescTable
                0x08007468        0x8 ./Core/Src/system_stm32f4xx.o
                0x08007468                APBPrescTable
                0x08007470                        . = ALIGN (0x4)

.ARM.extab      0x08007470        0x0
                0x08007470                        . = ALIGN (0x4)
 *(.ARM.extab* .gnu.linkonce.armextab.*)
                0x08007470                        . = ALIGN (0x4)

.ARM            0x08007470        0x8
                0x08007470                        . = ALIGN (0x4)
                0x08007470                        __exidx_start = .
 *(.ARM.exidx*)
 .ARM.exidx     0x08007470        0x8 C:/ST/STM32CubeIDE_1.10.1/STM32CubeIDE/plugins/com.st.stm32cube.ide.mcu.externaltools.gnu-tools-for-stm32.12.3.rel1.win32_1.0.200.202406191623/tools/bin/../lib/gcc/arm-none-eabi/12.3.1/thumb/v7e-m+fp/hard\libgcc.a(_udivmoddi4.o)
                0x08007478                        __exidx_end = .
                0x08007478                        . = ALIGN (0x4)

.preinit_array  0x08007478        0x0
                0x08007478                        . = ALIGN (0x4)
                0x08007478                        PROVIDE (__preinit_array_start = .)
 *(.preinit_array*)
                0x08007478                        PROVIDE (__preinit_array_end = .)
                0x08007478                        . = ALIGN (0x4)

.init_array     0x08007478        0x4
                0x08007478                        . = ALIGN (0x4)
                0x08007478                        PROVIDE (__init_array_start = .)
 *(SORT_BY_NAME(.init_array.*))
 *(.init_array*)
 .init_array    0x08007478        0x4 C:/ST/STM32CubeIDE_1.10.1/STM32CubeIDE/plugins/com.st.stm32cube.ide.mcu.externaltools.gnu-tools-for-stm32.12.3.rel1.win32_1.0.200.202406191623/tools/bin/../lib/gcc/arm-none-eabi/12.3.1/thumb/v7e-m+fp/hard/crtbegin.o
                0x0800747c                        PROVIDE (__init_array_end = .)
                0x0800747c                        . = ALIGN (0x4)

.fini_array     0x0800747c        0x4
                0x0800747c                        . = ALIGN (0x4)
                [!provide]                        PROVIDE (__fini_array_start = .)
 *(SORT_BY_NAME(.fini_array.*))
 *(.fini_array*)
 .fini_array    0x0800747c        0x4 C:/ST/STM32CubeIDE_1.10.1/STM32CubeIDE/plugins/com.st.stm32cube.ide.mcu.externaltools.gnu-tools-for-stm32.12.3.rel1.win32_1.0.200.202406191623/tools/bin/../lib/gcc/arm-none-eabi/12.3.1/thumb/v7e-m+fp/hard/crtbegin.o
                [!provide]                        PROVIDE (__fini_array_end = .)
                0x08007480                        . = ALIGN (0x4)
                0x08007480                        _sidata = LOADADDR (.data)

.rel.dyn        0x08007480        0x0
 .rel.iplt      0x08007480        0x0 C:/ST/STM32CubeIDE_1.10.1/STM32CubeIDE/plugins/com.st.stm32cube.ide.mcu.externaltools.gnu-tools-for-stm32.12.3.rel1.win32_1.0.200.202406191623/tools/bin/../lib/gcc/arm-none-eabi/12.3.1/thumb/v7e-m+fp/hard/crtbegin.o

.data           0x20000000      0x104 load address 0x08007480
                0x20000000                        . = ALIGN (0x4)
                0x20000000                        _sdata = .
 *(.data)
 *(.data*)
 .data.SystemCoreClock
                0x20000000        0x4 ./Core/Src/system_stm32f4xx.o
                0x20000000                SystemCoreClock
 .data.uwTickPrio
                0x20000004        0x4 ./Drivers/STM32F4xx_HAL_Driver/Src/stm32f4xx_hal.o
                0x20000004                uwTickPrio
 .data.uwTickFreq
                0x20000008        0x1 ./Drivers/STM32F4xx_HAL_Driver/Src/stm32f4xx_hal.o
                0x20000008                uwTickFreq
 *fill*         0x20000009        0x3 
 .data.USBD_CDC_DeviceQualifierDesc
                0x2000000c        0xa ./Middlewares/ST/STM32_USB_Device_Library/Class/CDC/Src/usbd_cdc.o
 *fill*         0x20000016        0x2 
 .data.USBD_CDC
                0x20000018       0x38 ./Middlewares/ST/STM32_USB_Device_Library/Class/CDC/Src/usbd_cdc.o
                0x20000018                USBD_CDC
 .data.USBD_CDC_CfgDesc
                0x20000050       0x43 ./Middlewares/ST/STM32_USB_Device_Library/Class/CDC/Src/usbd_cdc.o
 .data.CDCInEpAdd
                0x20000093        0x1 ./Middlewares/ST/STM32_USB_Device_Library/Class/CDC/Src/usbd_cdc.o
 .data.CDCOutEpAdd
                0x20000094        0x1 ./Middlewares/ST/STM32_USB_Device_Library/Class/CDC/Src/usbd_cdc.o
 .data.CDCCmdEpAdd
                0x20000095        0x1 ./Middlewares/ST/STM32_USB_Device_Library/Class/CDC/Src/usbd_cdc.o
 *fill*         0x20000096        0x2 
 .data.LineCoding
                0x20000098        0x8 ./USB_DEVICE/App/usbd_cdc_if.o
                0x20000098                LineCoding
 .data.USBD_Interface_fops_FS
                0x200000a0       0x14 ./USB_DEVICE/App/usbd_cdc_if.o
                0x200000a0                USBD_Interface_fops_FS
 .data.FS_Desc  0x200000b4       0x1c ./USB_DEVICE/App/usbd_desc.o
                0x200000b4                FS_Desc
 .data.USBD_FS_DeviceDesc
                0x200000d0       0x12 ./USB_DEVICE/App/usbd_desc.o
                0x200000d0                USBD_FS_DeviceDesc
 *fill*         0x200000e2        0x2 
 .data.USBD_LangIDDesc
                0x200000e4        0x4 ./USB_DEVICE/App/usbd_desc.o
                0x200000e4                USBD_LangIDDesc
 .data.USBD_StringSerial
                0x200000e8       0x1a ./USB_DEVICE/App/usbd_desc.o
                0x200000e8                USBD_StringSerial
 *(.RamFunc)
 *(.RamFunc*)
                0x20000104                        . = ALIGN (0x4)
 *fill*         0x20000102        0x2 
                0x20000104                        _edata = .

.igot.plt       0x20000104        0x0 load address 0x08007584
 .igot.plt      0x20000104        0x0 C:/ST/STM32CubeIDE_1.10.1/STM32CubeIDE/plugins/com.st.stm32cube.ide.mcu.externaltools.gnu-tools-for-stm32.12.3.rel1.win32_1.0.200.202406191623/tools/bin/../lib/gcc/arm-none-eabi/12.3.1/thumb/v7e-m+fp/hard/crtbegin.o
                0x20000104                        . = ALIGN (0x4)

.bss            0x20000104     0x1d18 load address 0x08007584
                0x20000104                        _sbss = .
                0x20000104                        __bss_start__ = _sbss
 *(.bss)
 .bss           0x20000104       0x1c C:/ST/STM32CubeIDE_1.10.1/STM32CubeIDE/plugins/com.st.stm32cube.ide.mcu.externaltools.gnu-tools-for-stm32.12.3.rel1.win32_1.0.200.202406191623/tools/bin/../lib/gcc/arm-none-eabi/12.3.1/thumb/v7e-m+fp/hard/crtbegin.o
 *(.bss*)
 .bss.usbRxBuf  0x20000120       0x80 ./Core/Src/main.o
                0x20000120                usbRxBuf
 .bss.usbRxBufLen
                0x200001a0        0x2 ./Core/Src/main.o
                0x200001a0                usbRxBufLen
 .bss.usbRxFlag
                0x200001a2        0x1 ./Core/Src/main.o
                0x200001a2                usbRxFlag
 *fill*         0x200001a3        0x1 
 .bss.huart1    0x200001a4       0x48 ./Core/Src/usart.o
                0x200001a4                huart1
 .bss.huart2    0x200001ec       0x48 ./Core/Src/usart.o
                0x200001ec                huart2
 .bss.uwTick    0x20000234        0x4 ./Drivers/STM32F4xx_HAL_Driver/Src/stm32f4xx_hal.o
                0x20000234                uwTick
 .bss.cfgidx.0  0x20000238        0x1 ./Middlewares/ST/STM32_USB_Device_Library/Core/Src/usbd_ctlreq.o
 *fill*         0x20000239        0x3 
 .bss.hUsbDeviceFS
                0x2000023c      0x2dc ./USB_DEVICE/App/usb_device.o
                0x2000023c                hUsbDeviceFS
 .bss.UserRxBufferFS
                0x20000518      0x800 ./USB_DEVICE/App/usbd_cdc_if.o
                0x20000518                UserRxBufferFS
 .bss.UserTxBufferFS
                0x20000d18      0x800 ./USB_DEVICE/App/usbd_cdc_if.o
                0x20000d18                UserTxBufferFS
 .bss.USBD_StrDesc
                0x20001518      0x200 ./USB_DEVICE/App/usbd_desc.o
                0x20001518                USBD_StrDesc
 .bss.hpcd_USB_OTG_FS
                0x20001718      0x4e4 ./USB_DEVICE/Target/usbd_conf.o
                0x20001718                hpcd_USB_OTG_FS
 .bss.mem.0     0x20001bfc      0x220 ./USB_DEVICE/Target/usbd_conf.o
 *(COMMON)
                0x20001e1c                        . = ALIGN (0x4)
                0x20001e1c                        _ebss = .
                0x20001e1c                        __bss_end__ = _ebss

._user_heap_stack
                0x20001e1c      0x604 load address 0x08007584
                0x20001e20                        . = ALIGN (0x8)
 *fill*         0x20001e1c        0x4 
                [!provide]                        PROVIDE (end = .)
                0x20001e20                        PROVIDE (_end = .)
                0x20002020                        . = (. + _Min_Heap_Size)
 *fill*         0x20001e20      0x200 
                0x20002420                        . = (. + _Min_Stack_Size)
 *fill*         0x20002020      0x400 
                0x20002420                        . = ALIGN (0x8)

/DISCARD/
 libc.a(*)
 libm.a(*)
 libgcc.a(*)

.ARM.attributes
                0x00000000       0x30
 *(.ARM.attributes)
 .ARM.attributes
                0x00000000       0x22 C:/ST/STM32CubeIDE_1.10.1/STM32CubeIDE/plugins/com.st.stm32cube.ide.mcu.externaltools.gnu-tools-for-stm32.12.3.rel1.win32_1.0.200.202406191623/tools/bin/../lib/gcc/arm-none-eabi/12.3.1/thumb/v7e-m+fp/hard/crti.o
 .ARM.attributes
                0x00000022       0x34 C:/ST/STM32CubeIDE_1.10.1/STM32CubeIDE/plugins/com.st.stm32cube.ide.mcu.externaltools.gnu-tools-for-stm32.12.3.rel1.win32_1.0.200.202406191623/tools/bin/../lib/gcc/arm-none-eabi/12.3.1/thumb/v7e-m+fp/hard/crtbegin.o
 .ARM.attributes
                0x00000056       0x34 ./Core/Src/gpio.o
 .ARM.attributes
                0x0000008a       0x34 ./Core/Src/main.o
 .ARM.attributes
                0x000000be       0x34 ./Core/Src/stm32f4xx_hal_msp.o
 .ARM.attributes
                0x000000f2       0x34 ./Core/Src/stm32f4xx_it.o
 .ARM.attributes
                0x00000126       0x34 ./Core/Src/system_stm32f4xx.o
 .ARM.attributes
                0x0000015a       0x34 ./Core/Src/usart.o
 .ARM.attributes
                0x0000018e       0x21 ./Core/Startup/startup_stm32f411ccux.o
 .ARM.attributes
                0x000001af       0x34 ./Drivers/STM32F4xx_HAL_Driver/Src/stm32f4xx_hal.o
 .ARM.attributes
                0x000001e3       0x34 ./Drivers/STM32F4xx_HAL_Driver/Src/stm32f4xx_hal_cortex.o
 .ARM.attributes
                0x00000217       0x34 ./Drivers/STM32F4xx_HAL_Driver/Src/stm32f4xx_hal_gpio.o
 .ARM.attributes
                0x0000024b       0x34 ./Drivers/STM32F4xx_HAL_Driver/Src/stm32f4xx_hal_pcd.o
 .ARM.attributes
                0x0000027f       0x34 ./Drivers/STM32F4xx_HAL_Driver/Src/stm32f4xx_hal_pcd_ex.o
 .ARM.attributes
                0x000002b3       0x34 ./Drivers/STM32F4xx_HAL_Driver/Src/stm32f4xx_hal_rcc.o
 .ARM.attributes
                0x000002e7       0x34 ./Drivers/STM32F4xx_HAL_Driver/Src/stm32f4xx_hal_uart.o
 .ARM.attributes
                0x0000031b       0x34 ./Drivers/STM32F4xx_HAL_Driver/Src/stm32f4xx_ll_usb.o
 .ARM.attributes
                0x0000034f       0x34 ./Middlewares/ST/STM32_USB_Device_Library/Class/CDC/Src/usbd_cdc.o
 .ARM.attributes
                0x00000383       0x34 ./Middlewares/ST/STM32_USB_Device_Library/Core/Src/usbd_core.o
 .ARM.attributes
                0x000003b7       0x34 ./Middlewares/ST/STM32_USB_Device_Library/Core/Src/usbd_ctlreq.o
 .ARM.attributes
                0x000003eb       0x34 ./Middlewares/ST/STM32_USB_Device_Library/Core/Src/usbd_ioreq.o
 .ARM.attributes
                0x0000041f       0x34 ./USB_DEVICE/App/usb_device.o
 .ARM.attributes
                0x00000453       0x34 ./USB_DEVICE/App/usbd_cdc_if.o
 .ARM.attributes
                0x00000487       0x34 ./USB_DEVICE/App/usbd_desc.o
 .ARM.attributes
                0x000004bb       0x34 ./USB_DEVICE/Target/usbd_conf.o
 .ARM.attributes
                0x000004ef       0x34 C:/ST/STM32CubeIDE_1.10.1/STM32CubeIDE/plugins/com.st.stm32cube.ide.mcu.externaltools.gnu-tools-for-stm32.12.3.rel1.win32_1.0.200.202406191623/tools/bin/../lib/gcc/arm-none-eabi/12.3.1/../../../../arm-none-eabi/lib/thumb/v7e-m+fp/hard\libc_nano.a(libc_a-memset.o)
 .ARM.attributes
                0x00000523       0x34 C:/ST/STM32CubeIDE_1.10.1/STM32CubeIDE/plugins/com.st.stm32cube.ide.mcu.externaltools.gnu-tools-for-stm32.12.3.rel1.win32_1.0.200.202406191623/tools/bin/../lib/gcc/arm-none-eabi/12.3.1/../../../../arm-none-eabi/lib/thumb/v7e-m+fp/hard\libc_nano.a(libc_a-init.o)
 .ARM.attributes
                0x00000557       0x34 C:/ST/STM32CubeIDE_1.10.1/STM32CubeIDE/plugins/com.st.stm32cube.ide.mcu.externaltools.gnu-tools-for-stm32.12.3.rel1.win32_1.0.200.202406191623/tools/bin/../lib/gcc/arm-none-eabi/12.3.1/../../../../arm-none-eabi/lib/thumb/v7e-m+fp/hard\libc_nano.a(libc_a-memcpy-stub.o)
 .ARM.attributes
                0x0000058b       0x22 C:/ST/STM32CubeIDE_1.10.1/STM32CubeIDE/plugins/com.st.stm32cube.ide.mcu.externaltools.gnu-tools-for-stm32.12.3.rel1.win32_1.0.200.202406191623/tools/bin/../lib/gcc/arm-none-eabi/12.3.1/thumb/v7e-m+fp/hard\libgcc.a(_aeabi_uldivmod.o)
 .ARM.attributes
                0x000005ad       0x34 C:/ST/STM32CubeIDE_1.10.1/STM32CubeIDE/plugins/com.st.stm32cube.ide.mcu.externaltools.gnu-tools-for-stm32.12.3.rel1.win32_1.0.200.202406191623/tools/bin/../lib/gcc/arm-none-eabi/12.3.1/thumb/v7e-m+fp/hard\libgcc.a(_udivmoddi4.o)
 .ARM.attributes
                0x000005e1       0x22 C:/ST/STM32CubeIDE_1.10.1/STM32CubeIDE/plugins/com.st.stm32cube.ide.mcu.externaltools.gnu-tools-for-stm32.12.3.rel1.win32_1.0.200.202406191623/tools/bin/../lib/gcc/arm-none-eabi/12.3.1/thumb/v7e-m+fp/hard\libgcc.a(_dvmd_tls.o)
 .ARM.attributes
                0x00000603       0x22 C:/ST/STM32CubeIDE_1.10.1/STM32CubeIDE/plugins/com.st.stm32cube.ide.mcu.externaltools.gnu-tools-for-stm32.12.3.rel1.win32_1.0.200.202406191623/tools/bin/../lib/gcc/arm-none-eabi/12.3.1/thumb/v7e-m+fp/hard/crtn.o
OUTPUT(dual_stepper_driver.elf elf32-littlearm)
LOAD linker stubs
LOAD C:/ST/STM32CubeIDE_1.10.1/STM32CubeIDE/plugins/com.st.stm32cube.ide.mcu.externaltools.gnu-tools-for-stm32.12.3.rel1.win32_1.0.200.202406191623/tools/bin/../lib/gcc/arm-none-eabi/12.3.1/../../../../arm-none-eabi/lib/thumb/v7e-m+fp/hard\libc.a
LOAD C:/ST/STM32CubeIDE_1.10.1/STM32CubeIDE/plugins/com.st.stm32cube.ide.mcu.externaltools.gnu-tools-for-stm32.12.3.rel1.win32_1.0.200.202406191623/tools/bin/../lib/gcc/arm-none-eabi/12.3.1/../../../../arm-none-eabi/lib/thumb/v7e-m+fp/hard\libm.a
LOAD C:/ST/STM32CubeIDE_1.10.1/STM32CubeIDE/plugins/com.st.stm32cube.ide.mcu.externaltools.gnu-tools-for-stm32.12.3.rel1.win32_1.0.200.202406191623/tools/bin/../lib/gcc/arm-none-eabi/12.3.1/thumb/v7e-m+fp/hard\libgcc.a

.debug_info     0x00000000    0x1105f
 .debug_info    0x00000000      0x417 ./Core/Src/gpio.o
 .debug_info    0x00000417      0x5d7 ./Core/Src/main.o
 .debug_info    0x000009ee      0x291 ./Core/Src/stm32f4xx_hal_msp.o
 .debug_info    0x00000c7f      0x627 ./Core/Src/stm32f4xx_it.o
 .debug_info    0x000012a6      0x53e ./Core/Src/system_stm32f4xx.o
 .debug_info    0x000017e4      0x9a6 ./Core/Src/usart.o
 .debug_info    0x0000218a       0x30 ./Core/Startup/startup_stm32f411ccux.o
 .debug_info    0x000021ba      0x8c4 ./Drivers/STM32F4xx_HAL_Driver/Src/stm32f4xx_hal.o
 .debug_info    0x00002a7e      0xcfc ./Drivers/STM32F4xx_HAL_Driver/Src/stm32f4xx_hal_cortex.o
 .debug_info    0x0000377a      0x6f9 ./Drivers/STM32F4xx_HAL_Driver/Src/stm32f4xx_hal_gpio.o
 .debug_info    0x00003e73     0x1577 ./Drivers/STM32F4xx_HAL_Driver/Src/stm32f4xx_hal_pcd.o
 .debug_info    0x000053ea      0x6ea ./Drivers/STM32F4xx_HAL_Driver/Src/stm32f4xx_hal_pcd_ex.o
 .debug_info    0x00005ad4      0x8f0 ./Drivers/STM32F4xx_HAL_Driver/Src/stm32f4xx_hal_rcc.o
 .debug_info    0x000063c4     0x2f56 ./Drivers/STM32F4xx_HAL_Driver/Src/stm32f4xx_hal_uart.o
 .debug_info    0x0000931a     0x1993 ./Drivers/STM32F4xx_HAL_Driver/Src/stm32f4xx_ll_usb.o
 .debug_info    0x0000acad     0x12a3 ./Middlewares/ST/STM32_USB_Device_Library/Class/CDC/Src/usbd_cdc.o
 .debug_info    0x0000bf50      0xe05 ./Middlewares/ST/STM32_USB_Device_Library/Core/Src/usbd_core.o
 .debug_info    0x0000cd55      0xade ./Middlewares/ST/STM32_USB_Device_Library/Core/Src/usbd_ctlreq.o
 .debug_info    0x0000d833      0x755 ./Middlewares/ST/STM32_USB_Device_Library/Core/Src/usbd_ioreq.o
 .debug_info    0x0000df88      0x701 ./USB_DEVICE/App/usb_device.o
 .debug_info    0x0000e689      0x979 ./USB_DEVICE/App/usbd_cdc_if.o
 .debug_info    0x0000f002      0x458 ./USB_DEVICE/App/usbd_desc.o
 .debug_info    0x0000f45a     0x1c05 ./USB_DEVICE/Target/usbd_conf.o

.debug_abbrev   0x00000000     0x305f
 .debug_abbrev  0x00000000      0x151 ./Core/Src/gpio.o
 .debug_abbrev  0x00000151      0x223 ./Core/Src/main.o
 .debug_abbrev  0x00000374       0xd8 ./Core/Src/stm32f4xx_hal_msp.o
 .debug_abbrev  0x0000044c      0x1a4 ./Core/Src/stm32f4xx_it.o
 .debug_abbrev  0x000005f0      0x11a ./Core/Src/system_stm32f4xx.o
 .debug_abbrev  0x0000070a      0x1fe ./Core/Src/usart.o
 .debug_abbrev  0x00000908       0x24 ./Core/Startup/startup_stm32f411ccux.o
 .debug_abbrev  0x0000092c      0x24b ./Drivers/STM32F4xx_HAL_Driver/Src/stm32f4xx_hal.o
 .debug_abbrev  0x00000b77      0x31d ./Drivers/STM32F4xx_HAL_Driver/Src/stm32f4xx_hal_cortex.o
 .debug_abbrev  0x00000e94      0x1d3 ./Drivers/STM32F4xx_HAL_Driver/Src/stm32f4xx_hal_gpio.o
 .debug_abbrev  0x00001067      0x2b6 ./Drivers/STM32F4xx_HAL_Driver/Src/stm32f4xx_hal_pcd.o
 .debug_abbrev  0x0000131d      0x1da ./Drivers/STM32F4xx_HAL_Driver/Src/stm32f4xx_hal_pcd_ex.o
 .debug_abbrev  0x000014f7      0x2b6 ./Drivers/STM32F4xx_HAL_Driver/Src/stm32f4xx_hal_rcc.o
 .debug_abbrev  0x000017ad      0x31b ./Drivers/STM32F4xx_HAL_Driver/Src/stm32f4xx_hal_uart.o
 .debug_abbrev  0x00001ac8      0x2b3 ./Drivers/STM32F4xx_HAL_Driver/Src/stm32f4xx_ll_usb.o
 .debug_abbrev  0x00001d7b      0x2d2 ./Middlewares/ST/STM32_USB_Device_Library/Class/CDC/Src/usbd_cdc.o
 .debug_abbrev  0x0000204d      0x27c ./Middlewares/ST/STM32_USB_Device_Library/Core/Src/usbd_core.o
 .debug_abbrev  0x000022c9      0x26f ./Middlewares/ST/STM32_USB_Device_Library/Core/Src/usbd_ctlreq.o
 .debug_abbrev  0x00002538      0x19a ./Middlewares/ST/STM32_USB_Device_Library/Core/Src/usbd_ioreq.o
 .debug_abbrev  0x000026d2      0x195 ./USB_DEVICE/App/usb_device.o
 .debug_abbrev  0x00002867      0x2d8 ./USB_DEVICE/App/usbd_cdc_if.o
 .debug_abbrev  0x00002b3f      0x1e1 ./USB_DEVICE/App/usbd_desc.o
 .debug_abbrev  0x00002d20      0x33f ./USB_DEVICE/Target/usbd_conf.o

.debug_aranges  0x00000000      0xdb0
 .debug_aranges
                0x00000000       0x20 ./Core/Src/gpio.o
 .debug_aranges
                0x00000020       0x38 ./Core/Src/main.o
 .debug_aranges
                0x00000058       0x20 ./Core/Src/stm32f4xx_hal_msp.o
 .debug_aranges
                0x00000078       0x68 ./Core/Src/stm32f4xx_it.o
 .debug_aranges
                0x000000e0       0x28 ./Core/Src/system_stm32f4xx.o
 .debug_aranges
                0x00000108       0x38 ./Core/Src/usart.o
 .debug_aranges
                0x00000140       0x28 ./Core/Startup/startup_stm32f411ccux.o
 .debug_aranges
                0x00000168       0xf0 ./Drivers/STM32F4xx_HAL_Driver/Src/stm32f4xx_hal.o
 .debug_aranges
                0x00000258      0x130 ./Drivers/STM32F4xx_HAL_Driver/Src/stm32f4xx_hal_cortex.o
 .debug_aranges
                0x00000388       0x58 ./Drivers/STM32F4xx_HAL_Driver/Src/stm32f4xx_hal_gpio.o
 .debug_aranges
                0x000003e0      0x148 ./Drivers/STM32F4xx_HAL_Driver/Src/stm32f4xx_hal_pcd.o
 .debug_aranges
                0x00000528       0x38 ./Drivers/STM32F4xx_HAL_Driver/Src/stm32f4xx_hal_pcd_ex.o
 .debug_aranges
                0x00000560       0x88 ./Drivers/STM32F4xx_HAL_Driver/Src/stm32f4xx_hal_rcc.o
 .debug_aranges
                0x000005e8      0x208 ./Drivers/STM32F4xx_HAL_Driver/Src/stm32f4xx_hal_uart.o
 .debug_aranges
                0x000007f0      0x1a0 ./Drivers/STM32F4xx_HAL_Driver/Src/stm32f4xx_ll_usb.o
 .debug_aranges
                0x00000990       0x90 ./Middlewares/ST/STM32_USB_Device_Library/Class/CDC/Src/usbd_cdc.o
 .debug_aranges
                0x00000a20       0xd8 ./Middlewares/ST/STM32_USB_Device_Library/Core/Src/usbd_core.o
 .debug_aranges
                0x00000af8       0x90 ./Middlewares/ST/STM32_USB_Device_Library/Core/Src/usbd_ctlreq.o
 .debug_aranges
                0x00000b88       0x50 ./Middlewares/ST/STM32_USB_Device_Library/Core/Src/usbd_ioreq.o
 .debug_aranges
                0x00000bd8       0x20 ./USB_DEVICE/App/usb_device.o
 .debug_aranges
                0x00000bf8       0x48 ./USB_DEVICE/App/usbd_cdc_if.o
 .debug_aranges
                0x00000c40       0x60 ./USB_DEVICE/App/usbd_desc.o
 .debug_aranges
                0x00000ca0      0x110 ./USB_DEVICE/Target/usbd_conf.o

.debug_rnglists
                0x00000000      0xa49
 .debug_rnglists
                0x00000000       0x14 ./Core/Src/gpio.o
 .debug_rnglists
                0x00000014       0x26 ./Core/Src/main.o
 .debug_rnglists
                0x0000003a       0x13 ./Core/Src/stm32f4xx_hal_msp.o
 .debug_rnglists
                0x0000004d       0x49 ./Core/Src/stm32f4xx_it.o
 .debug_rnglists
                0x00000096       0x1a ./Core/Src/system_stm32f4xx.o
 .debug_rnglists
                0x000000b0       0x26 ./Core/Src/usart.o
 .debug_rnglists
                0x000000d6       0x19 ./Core/Startup/startup_stm32f411ccux.o
 .debug_rnglists
                0x000000ef       0xaf ./Drivers/STM32F4xx_HAL_Driver/Src/stm32f4xx_hal.o
 .debug_rnglists
                0x0000019e       0xe0 ./Drivers/STM32F4xx_HAL_Driver/Src/stm32f4xx_hal_cortex.o
 .debug_rnglists
                0x0000027e       0x3f ./Drivers/STM32F4xx_HAL_Driver/Src/stm32f4xx_hal_gpio.o
 .debug_rnglists
                0x000002bd       0xfa ./Drivers/STM32F4xx_HAL_Driver/Src/stm32f4xx_hal_pcd.o
 .debug_rnglists
                0x000003b7       0x26 ./Drivers/STM32F4xx_HAL_Driver/Src/stm32f4xx_hal_pcd_ex.o
 .debug_rnglists
                0x000003dd       0x66 ./Drivers/STM32F4xx_HAL_Driver/Src/stm32f4xx_hal_rcc.o
 .debug_rnglists
                0x00000443      0x1bc ./Drivers/STM32F4xx_HAL_Driver/Src/stm32f4xx_hal_uart.o
 .debug_rnglists
                0x000005ff      0x147 ./Drivers/STM32F4xx_HAL_Driver/Src/stm32f4xx_ll_usb.o
 .debug_rnglists
                0x00000746       0x6c ./Middlewares/ST/STM32_USB_Device_Library/Class/CDC/Src/usbd_cdc.o
 .debug_rnglists
                0x000007b2       0xa1 ./Middlewares/ST/STM32_USB_Device_Library/Core/Src/usbd_core.o
 .debug_rnglists
                0x00000853       0x6e ./Middlewares/ST/STM32_USB_Device_Library/Core/Src/usbd_ctlreq.o
 .debug_rnglists
                0x000008c1       0x37 ./Middlewares/ST/STM32_USB_Device_Library/Core/Src/usbd_ioreq.o
 .debug_rnglists
                0x000008f8       0x13 ./USB_DEVICE/App/usb_device.o
 .debug_rnglists
                0x0000090b       0x32 ./USB_DEVICE/App/usbd_cdc_if.o
 .debug_rnglists
                0x0000093d       0x43 ./USB_DEVICE/App/usbd_desc.o
 .debug_rnglists
                0x00000980       0xc9 ./USB_DEVICE/Target/usbd_conf.o

.debug_macro    0x00000000    0x18749
 .debug_macro   0x00000000      0x1f7 ./Core/Src/gpio.o
 .debug_macro   0x000001f7      0xab4 ./Core/Src/gpio.o
 .debug_macro   0x00000cab      0x29b ./Core/Src/gpio.o
 .debug_macro   0x00000f46       0x2e ./Core/Src/gpio.o
 .debug_macro   0x00000f74       0x28 ./Core/Src/gpio.o
 .debug_macro   0x00000f9c       0x22 ./Core/Src/gpio.o
 .debug_macro   0x00000fbe       0x8e ./Core/Src/gpio.o
 .debug_macro   0x0000104c       0x51 ./Core/Src/gpio.o
 .debug_macro   0x0000109d      0x103 ./Core/Src/gpio.o
 .debug_macro   0x000011a0       0x6a ./Core/Src/gpio.o
 .debug_macro   0x0000120a      0x1df ./Core/Src/gpio.o
 .debug_macro   0x000013e9       0x1c ./Core/Src/gpio.o
 .debug_macro   0x00001405       0x22 ./Core/Src/gpio.o
 .debug_macro   0x00001427       0xfb ./Core/Src/gpio.o
 .debug_macro   0x00001522     0x1011 ./Core/Src/gpio.o
 .debug_macro   0x00002533      0x11f ./Core/Src/gpio.o
 .debug_macro   0x00002652     0xb953 ./Core/Src/gpio.o
 .debug_macro   0x0000dfa5       0x6d ./Core/Src/gpio.o
 .debug_macro   0x0000e012     0x369a ./Core/Src/gpio.o
 .debug_macro   0x000116ac      0x189 ./Core/Src/gpio.o
 .debug_macro   0x00011835       0x5c ./Core/Src/gpio.o
 .debug_macro   0x00011891      0x45c ./Core/Src/gpio.o
 .debug_macro   0x00011ced      0x9e9 ./Core/Src/gpio.o
 .debug_macro   0x000126d6      0x115 ./Core/Src/gpio.o
 .debug_macro   0x000127eb      0x11b ./Core/Src/gpio.o
 .debug_macro   0x00012906       0xa5 ./Core/Src/gpio.o
 .debug_macro   0x000129ab      0x15f ./Core/Src/gpio.o
 .debug_macro   0x00012b0a      0x287 ./Core/Src/gpio.o
 .debug_macro   0x00012d91       0x5f ./Core/Src/gpio.o
 .debug_macro   0x00012df0      0x236 ./Core/Src/gpio.o
 .debug_macro   0x00013026      0x132 ./Core/Src/gpio.o
 .debug_macro   0x00013158      0x264 ./Core/Src/gpio.o
 .debug_macro   0x000133bc       0x2e ./Core/Src/gpio.o
 .debug_macro   0x000133ea      0x127 ./Core/Src/gpio.o
 .debug_macro   0x00013511       0x85 ./Core/Src/gpio.o
 .debug_macro   0x00013596       0x89 ./Core/Src/gpio.o
 .debug_macro   0x0001361f      0x2aa ./Core/Src/gpio.o
 .debug_macro   0x000138c9      0x293 ./Core/Src/gpio.o
 .debug_macro   0x00013b5c       0xba ./Core/Src/gpio.o
 .debug_macro   0x00013c16      0x126 ./Core/Src/gpio.o
 .debug_macro   0x00013d3c      0x100 ./Core/Src/gpio.o
 .debug_macro   0x00013e3c      0x36f ./Core/Src/main.o
 .debug_macro   0x000141ab       0x61 ./Core/Src/main.o
 .debug_macro   0x0001420c       0x2a ./Core/Src/main.o
 .debug_macro   0x00014236       0x43 ./Core/Src/main.o
 .debug_macro   0x00014279       0x34 ./Core/Src/main.o
 .debug_macro   0x000142ad       0x16 ./Core/Src/main.o
 .debug_macro   0x000142c3       0x35 ./Core/Src/main.o
 .debug_macro   0x000142f8      0x369 ./Core/Src/main.o
 .debug_macro   0x00014661       0x10 ./Core/Src/main.o
 .debug_macro   0x00014671       0x16 ./Core/Src/main.o
 .debug_macro   0x00014687       0x43 ./Core/Src/main.o
 .debug_macro   0x000146ca       0x34 ./Core/Src/main.o
 .debug_macro   0x000146fe       0x10 ./Core/Src/main.o
 .debug_macro   0x0001470e       0x58 ./Core/Src/main.o
 .debug_macro   0x00014766       0x8e ./Core/Src/main.o
 .debug_macro   0x000147f4       0x1c ./Core/Src/main.o
 .debug_macro   0x00014810      0x177 ./Core/Src/main.o
 .debug_macro   0x00014987       0x16 ./Core/Src/main.o
 .debug_macro   0x0001499d       0x16 ./Core/Src/main.o
 .debug_macro   0x000149b3      0x146 ./Core/Src/main.o
 .debug_macro   0x00014af9       0x16 ./Core/Src/main.o
 .debug_macro   0x00014b0f       0x16 ./Core/Src/main.o
 .debug_macro   0x00014b25       0x29 ./Core/Src/main.o
 .debug_macro   0x00014b4e       0x16 ./Core/Src/main.o
 .debug_macro   0x00014b64       0x20 ./Core/Src/main.o
 .debug_macro   0x00014b84       0x65 ./Core/Src/main.o
 .debug_macro   0x00014be9      0x20f ./Core/Src/main.o
 .debug_macro   0x00014df8      0x1ed ./Core/Src/stm32f4xx_hal_msp.o
 .debug_macro   0x00014fe5      0x1f7 ./Core/Src/stm32f4xx_it.o
 .debug_macro   0x000151dc      0x1de ./Core/Src/system_stm32f4xx.o
 .debug_macro   0x000153ba      0x1f7 ./Core/Src/usart.o
 .debug_macro   0x000155b1      0x23e ./Drivers/STM32F4xx_HAL_Driver/Src/stm32f4xx_hal.o
 .debug_macro   0x000157ef      0x1de ./Drivers/STM32F4xx_HAL_Driver/Src/stm32f4xx_hal_cortex.o
 .debug_macro   0x000159cd      0x1e4 ./Drivers/STM32F4xx_HAL_Driver/Src/stm32f4xx_hal_gpio.o
 .debug_macro   0x00015bb1      0x1ea ./Drivers/STM32F4xx_HAL_Driver/Src/stm32f4xx_hal_pcd.o
 .debug_macro   0x00015d9b      0x1de ./Drivers/STM32F4xx_HAL_Driver/Src/stm32f4xx_hal_pcd_ex.o
 .debug_macro   0x00015f79      0x202 ./Drivers/STM32F4xx_HAL_Driver/Src/stm32f4xx_hal_rcc.o
 .debug_macro   0x0001617b      0x1df ./Drivers/STM32F4xx_HAL_Driver/Src/stm32f4xx_hal_uart.o
 .debug_macro   0x0001635a      0x1de ./Drivers/STM32F4xx_HAL_Driver/Src/stm32f4xx_ll_usb.o
 .debug_macro   0x00016538      0x37c ./Middlewares/ST/STM32_USB_Device_Library/Class/CDC/Src/usbd_cdc.o
 .debug_macro   0x000168b4       0x9e ./Middlewares/ST/STM32_USB_Device_Library/Class/CDC/Src/usbd_cdc.o
 .debug_macro   0x00016952      0x10b ./Middlewares/ST/STM32_USB_Device_Library/Class/CDC/Src/usbd_cdc.o
 .debug_macro   0x00016a5d       0x56 ./Middlewares/ST/STM32_USB_Device_Library/Class/CDC/Src/usbd_cdc.o
 .debug_macro   0x00016ab3       0x95 ./Middlewares/ST/STM32_USB_Device_Library/Class/CDC/Src/usbd_cdc.o
 .debug_macro   0x00016b48      0x363 ./Middlewares/ST/STM32_USB_Device_Library/Core/Src/usbd_core.o
 .debug_macro   0x00016eab      0x215 ./Middlewares/ST/STM32_USB_Device_Library/Core/Src/usbd_core.o
 .debug_macro   0x000170c0      0x36d ./Middlewares/ST/STM32_USB_Device_Library/Core/Src/usbd_ctlreq.o
 .debug_macro   0x0001742d      0x369 ./Middlewares/ST/STM32_USB_Device_Library/Core/Src/usbd_ioreq.o
 .debug_macro   0x00017796      0x39c ./USB_DEVICE/App/usb_device.o
 .debug_macro   0x00017b32      0x106 ./USB_DEVICE/App/usb_device.o
 .debug_macro   0x00017c38       0x22 ./USB_DEVICE/App/usb_device.o
 .debug_macro   0x00017c5a       0x16 ./USB_DEVICE/App/usb_device.o
 .debug_macro   0x00017c70      0x387 ./USB_DEVICE/App/usbd_cdc_if.o
 .debug_macro   0x00017ff7       0x10 ./USB_DEVICE/App/usbd_cdc_if.o
 .debug_macro   0x00018007      0x3a6 ./USB_DEVICE/App/usbd_desc.o
 .debug_macro   0x000183ad       0x1c ./USB_DEVICE/App/usbd_desc.o
 .debug_macro   0x000183c9      0x380 ./USB_DEVICE/Target/usbd_conf.o

.debug_line     0x00000000    0x13041
 .debug_line    0x00000000      0x795 ./Core/Src/gpio.o
 .debug_line    0x00000795      0xa43 ./Core/Src/main.o
 .debug_line    0x000011d8      0x765 ./Core/Src/stm32f4xx_hal_msp.o
 .debug_line    0x0000193d      0x83f ./Core/Src/stm32f4xx_it.o
 .debug_line    0x0000217c      0x7e9 ./Core/Src/system_stm32f4xx.o
 .debug_line    0x00002965      0x838 ./Core/Src/usart.o
 .debug_line    0x0000319d       0x7a ./Core/Startup/startup_stm32f411ccux.o
 .debug_line    0x00003217      0xa52 ./Drivers/STM32F4xx_HAL_Driver/Src/stm32f4xx_hal.o
 .debug_line    0x00003c69      0xd44 ./Drivers/STM32F4xx_HAL_Driver/Src/stm32f4xx_hal_cortex.o
 .debug_line    0x000049ad      0xba2 ./Drivers/STM32F4xx_HAL_Driver/Src/stm32f4xx_hal_gpio.o
 .debug_line    0x0000554f     0x153b ./Drivers/STM32F4xx_HAL_Driver/Src/stm32f4xx_hal_pcd.o
 .debug_line    0x00006a8a      0x82f ./Drivers/STM32F4xx_HAL_Driver/Src/stm32f4xx_hal_pcd_ex.o
 .debug_line    0x000072b9      0xddb ./Drivers/STM32F4xx_HAL_Driver/Src/stm32f4xx_hal_rcc.o
 .debug_line    0x00008094     0x2924 ./Drivers/STM32F4xx_HAL_Driver/Src/stm32f4xx_hal_uart.o
 .debug_line    0x0000a9b8     0x1dd1 ./Drivers/STM32F4xx_HAL_Driver/Src/stm32f4xx_ll_usb.o
 .debug_line    0x0000c789      0xeea ./Middlewares/ST/STM32_USB_Device_Library/Class/CDC/Src/usbd_cdc.o
 .debug_line    0x0000d673      0xf64 ./Middlewares/ST/STM32_USB_Device_Library/Core/Src/usbd_core.o
 .debug_line    0x0000e5d7     0x1174 ./Middlewares/ST/STM32_USB_Device_Library/Core/Src/usbd_ctlreq.o
 .debug_line    0x0000f74b      0xa7e ./Middlewares/ST/STM32_USB_Device_Library/Core/Src/usbd_ioreq.o
 .debug_line    0x000101c9      0xa3a ./USB_DEVICE/App/usb_device.o
 .debug_line    0x00010c03      0xb22 ./USB_DEVICE/App/usbd_cdc_if.o
 .debug_line    0x00011725      0xb03 ./USB_DEVICE/App/usbd_desc.o
 .debug_line    0x00012228      0xe19 ./USB_DEVICE/Target/usbd_conf.o

.debug_str      0x00000000    0x89c3b
 .debug_str     0x00000000    0x814db ./Core/Src/gpio.o
                              0x81765 (size before relaxing)
 .debug_str     0x000814db     0x44a0 ./Core/Src/main.o
                              0x85bae (size before relaxing)
 .debug_str     0x0008597b       0x2c ./Core/Src/stm32f4xx_hal_msp.o
                              0x8169a (size before relaxing)
 .debug_str     0x000859a7      0x49b ./Core/Src/stm32f4xx_it.o
                              0x81a41 (size before relaxing)
 .debug_str     0x00085e42       0xdb ./Core/Src/system_stm32f4xx.o
                              0x81372 (size before relaxing)
 .debug_str     0x00085f1d      0x42e ./Core/Src/usart.o
                              0x81c3d (size before relaxing)
 .debug_str     0x0008634b       0x44 ./Core/Startup/startup_stm32f411ccux.o
                                 0x6d (size before relaxing)
 .debug_str     0x0008638f      0x9b8 ./Drivers/STM32F4xx_HAL_Driver/Src/stm32f4xx_hal.o
                              0x81d9e (size before relaxing)
 .debug_str     0x00086d47      0x392 ./Drivers/STM32F4xx_HAL_Driver/Src/stm32f4xx_hal_cortex.o
                              0x81b08 (size before relaxing)
 .debug_str     0x000870d9      0x121 ./Drivers/STM32F4xx_HAL_Driver/Src/stm32f4xx_hal_gpio.o
                              0x814ed (size before relaxing)
 .debug_str     0x000871fa      0x831 ./Drivers/STM32F4xx_HAL_Driver/Src/stm32f4xx_hal_pcd.o
                              0x81e3e (size before relaxing)
 .debug_str     0x00087a2b      0x115 ./Drivers/STM32F4xx_HAL_Driver/Src/stm32f4xx_hal_pcd_ex.o
                              0x8172e (size before relaxing)
 .debug_str     0x00087b40      0x21f ./Drivers/STM32F4xx_HAL_Driver/Src/stm32f4xx_hal_rcc.o
                              0x817a6 (size before relaxing)
 .debug_str     0x00087d5f      0x65f ./Drivers/STM32F4xx_HAL_Driver/Src/stm32f4xx_hal_uart.o
                              0x81d75 (size before relaxing)
 .debug_str     0x000883be      0x4b0 ./Drivers/STM32F4xx_HAL_Driver/Src/stm32f4xx_ll_usb.o
                              0x81d19 (size before relaxing)
 .debug_str     0x0008886e      0xa1e ./Middlewares/ST/STM32_USB_Device_Library/Class/CDC/Src/usbd_cdc.o
                              0x86709 (size before relaxing)
 .debug_str     0x0008928c      0x35c ./Middlewares/ST/STM32_USB_Device_Library/Core/Src/usbd_core.o
                              0x86062 (size before relaxing)
 .debug_str     0x000895e8      0x139 ./Middlewares/ST/STM32_USB_Device_Library/Core/Src/usbd_ctlreq.o
                              0x85e8d (size before relaxing)
 .debug_str     0x00089721       0x51 ./Middlewares/ST/STM32_USB_Device_Library/Core/Src/usbd_ioreq.o
                              0x85d62 (size before relaxing)
 .debug_str     0x00089772      0x105 ./USB_DEVICE/App/usb_device.o
                              0x86115 (size before relaxing)
 .debug_str     0x00089877       0xe3 ./USB_DEVICE/App/usbd_cdc_if.o
                              0x861ad (size before relaxing)
 .debug_str     0x0008995a      0x26e ./USB_DEVICE/App/usbd_desc.o
                              0x85c62 (size before relaxing)
 .debug_str     0x00089bc8       0x73 ./USB_DEVICE/Target/usbd_conf.o
                              0x86e11 (size before relaxing)

.comment        0x00000000       0x43
 .comment       0x00000000       0x43 ./Core/Src/gpio.o
                                 0x44 (size before relaxing)
 .comment       0x00000043       0x44 ./Core/Src/main.o
 .comment       0x00000043       0x44 ./Core/Src/stm32f4xx_hal_msp.o
 .comment       0x00000043       0x44 ./Core/Src/stm32f4xx_it.o
 .comment       0x00000043       0x44 ./Core/Src/system_stm32f4xx.o
 .comment       0x00000043       0x44 ./Core/Src/usart.o
 .comment       0x00000043       0x44 ./Drivers/STM32F4xx_HAL_Driver/Src/stm32f4xx_hal.o
 .comment       0x00000043       0x44 ./Drivers/STM32F4xx_HAL_Driver/Src/stm32f4xx_hal_cortex.o
 .comment       0x00000043       0x44 ./Drivers/STM32F4xx_HAL_Driver/Src/stm32f4xx_hal_gpio.o
 .comment       0x00000043       0x44 ./Drivers/STM32F4xx_HAL_Driver/Src/stm32f4xx_hal_pcd.o
 .comment       0x00000043       0x44 ./Drivers/STM32F4xx_HAL_Driver/Src/stm32f4xx_hal_pcd_ex.o
 .comment       0x00000043       0x44 ./Drivers/STM32F4xx_HAL_Driver/Src/stm32f4xx_hal_rcc.o
 .comment       0x00000043       0x44 ./Drivers/STM32F4xx_HAL_Driver/Src/stm32f4xx_hal_uart.o
 .comment       0x00000043       0x44 ./Drivers/STM32F4xx_HAL_Driver/Src/stm32f4xx_ll_usb.o
 .comment       0x00000043       0x44 ./Middlewares/ST/STM32_USB_Device_Library/Class/CDC/Src/usbd_cdc.o
 .comment       0x00000043       0x44 ./Middlewares/ST/STM32_USB_Device_Library/Core/Src/usbd_core.o
 .comment       0x00000043       0x44 ./Middlewares/ST/STM32_USB_Device_Library/Core/Src/usbd_ctlreq.o
 .comment       0x00000043       0x44 ./Middlewares/ST/STM32_USB_Device_Library/Core/Src/usbd_ioreq.o
 .comment       0x00000043       0x44 ./USB_DEVICE/App/usb_device.o
 .comment       0x00000043       0x44 ./USB_DEVICE/App/usbd_cdc_if.o
 .comment       0x00000043       0x44 ./USB_DEVICE/App/usbd_desc.o
 .comment       0x00000043       0x44 ./USB_DEVICE/Target/usbd_conf.o

.debug_frame    0x00000000     0x370c
 .debug_frame   0x00000000       0x34 ./Core/Src/gpio.o
 .debug_frame   0x00000034       0x8c ./Core/Src/main.o
 .debug_frame   0x000000c0       0x38 ./Core/Src/stm32f4xx_hal_msp.o
 .debug_frame   0x000000f8      0x120 ./Core/Src/stm32f4xx_it.o
 .debug_frame   0x00000218       0x58 ./Core/Src/system_stm32f4xx.o
 .debug_frame   0x00000270       0x90 ./Core/Src/usart.o
 .debug_frame   0x00000300      0x374 ./Drivers/STM32F4xx_HAL_Driver/Src/stm32f4xx_hal.o
 .debug_frame   0x00000674      0x508 ./Drivers/STM32F4xx_HAL_Driver/Src/stm32f4xx_hal_cortex.o
 .debug_frame   0x00000b7c      0x14c ./Drivers/STM32F4xx_HAL_Driver/Src/stm32f4xx_hal_gpio.o
 .debug_frame   0x00000cc8      0x5b8 ./Drivers/STM32F4xx_HAL_Driver/Src/stm32f4xx_hal_pcd.o
 .debug_frame   0x00001280       0xb0 ./Drivers/STM32F4xx_HAL_Driver/Src/stm32f4xx_hal_pcd_ex.o
 .debug_frame   0x00001330      0x1f4 ./Drivers/STM32F4xx_HAL_Driver/Src/stm32f4xx_hal_rcc.o
 .debug_frame   0x00001524      0x954 ./Drivers/STM32F4xx_HAL_Driver/Src/stm32f4xx_hal_uart.o
 .debug_frame   0x00001e78      0x7c0 ./Drivers/STM32F4xx_HAL_Driver/Src/stm32f4xx_ll_usb.o
 .debug_frame   0x00002638      0x23c ./Middlewares/ST/STM32_USB_Device_Library/Class/CDC/Src/usbd_cdc.o
 .debug_frame   0x00002874      0x390 ./Middlewares/ST/STM32_USB_Device_Library/Core/Src/usbd_core.o
 .debug_frame   0x00002c04      0x23c ./Middlewares/ST/STM32_USB_Device_Library/Core/Src/usbd_ctlreq.o
 .debug_frame   0x00002e40      0x10c ./Middlewares/ST/STM32_USB_Device_Library/Core/Src/usbd_ioreq.o
 .debug_frame   0x00002f4c       0x2c ./USB_DEVICE/App/usb_device.o
 .debug_frame   0x00002f78       0xe4 ./USB_DEVICE/App/usbd_cdc_if.o
 .debug_frame   0x0000305c      0x160 ./USB_DEVICE/App/usbd_desc.o
 .debug_frame   0x000031bc      0x47c ./USB_DEVICE/Target/usbd_conf.o
 .debug_frame   0x00003638       0x20 C:/ST/STM32CubeIDE_1.10.1/STM32CubeIDE/plugins/com.st.stm32cube.ide.mcu.externaltools.gnu-tools-for-stm32.12.3.rel1.win32_1.0.200.202406191623/tools/bin/../lib/gcc/arm-none-eabi/12.3.1/../../../../arm-none-eabi/lib/thumb/v7e-m+fp/hard\libc_nano.a(libc_a-memset.o)
 .debug_frame   0x00003658       0x2c C:/ST/STM32CubeIDE_1.10.1/STM32CubeIDE/plugins/com.st.stm32cube.ide.mcu.externaltools.gnu-tools-for-stm32.12.3.rel1.win32_1.0.200.202406191623/tools/bin/../lib/gcc/arm-none-eabi/12.3.1/../../../../arm-none-eabi/lib/thumb/v7e-m+fp/hard\libc_nano.a(libc_a-init.o)
 .debug_frame   0x00003684       0x28 C:/ST/STM32CubeIDE_1.10.1/STM32CubeIDE/plugins/com.st.stm32cube.ide.mcu.externaltools.gnu-tools-for-stm32.12.3.rel1.win32_1.0.200.202406191623/tools/bin/../lib/gcc/arm-none-eabi/12.3.1/../../../../arm-none-eabi/lib/thumb/v7e-m+fp/hard\libc_nano.a(libc_a-memcpy-stub.o)
 .debug_frame   0x000036ac       0x2c C:/ST/STM32CubeIDE_1.10.1/STM32CubeIDE/plugins/com.st.stm32cube.ide.mcu.externaltools.gnu-tools-for-stm32.12.3.rel1.win32_1.0.200.202406191623/tools/bin/../lib/gcc/arm-none-eabi/12.3.1/thumb/v7e-m+fp/hard\libgcc.a(_aeabi_uldivmod.o)
 .debug_frame   0x000036d8       0x34 C:/ST/STM32CubeIDE_1.10.1/STM32CubeIDE/plugins/com.st.stm32cube.ide.mcu.externaltools.gnu-tools-for-stm32.12.3.rel1.win32_1.0.200.202406191623/tools/bin/../lib/gcc/arm-none-eabi/12.3.1/thumb/v7e-m+fp/hard\libgcc.a(_udivmoddi4.o)

.debug_line_str
                0x00000000       0x51
 .debug_line_str
                0x00000000       0x51 ./Core/Startup/startup_stm32f411ccux.o
